******************************************************************************
                  TI ARM Linker PC v15.12.3                    
******************************************************************************
>> Linked Fri Jun 30 13:35:40 2017

OUTPUT FILE NAME:   <EvalBot_Ethernet.out>
ENTRY POINT SYMBOL: "_c_int00"  address: 0000603d


MEMORY CONFIGURATION

         name            origin    length      used     unused   attr    fill
----------------------  --------  ---------  --------  --------  ----  --------
  FLASH                 00000000   00040000  00006ee5  0003911b  R  X
  SRAM                  20000000   00018000  00008d28  0000f2d8  RW X


SEGMENT ALLOCATION MAP

run origin  load origin   length   init length attrs members
----------  ----------- ---------- ----------- ----- -------
00000000    00000000    00006eec   00006eec    r-x
  00000000    00000000    0000011c   0000011c    r-- .intvecs
  0000011c    0000011c    00006b7e   00006b7e    r-x .text
  00006c9c    00006c9c    000001f7   000001f7    r-- .const
  00006e98    00006e98    00000054   00000054    r-- .cinit
20000000    20000000    00008d28   00000000    rw-
  20000000    20000000    000088c0   00000000    rw- .bss
  200088c0    200088c0    00000400   00000000    rw- .stack
  20008cc0    20008cc0    00000068   00000000    rw- .data


SECTION ALLOCATION MAP

 output                                  attributes/
section   page    origin      length       input sections
--------  ----  ----------  ----------   ----------------
.intvecs   0    00000000    0000011c     
                  00000000    0000011c     startup_ccs.obj (.intvecs)

.text      0    0000011c    00006b7e     
                  0000011c    00000734     lwiplib.obj (.text:tcp_receive)
                  00000850    000003b8     lwiplib.obj (.text:tcp_process)
                  00000c08    000003ac     lwiplib.obj (.text:tcp_input)
                  00000fb4    00000394     lwiplib.obj (.text:tcp_enqueue)
                  00001348    00000290     lwiplib.obj (.text:tcp_slowtmr)
                  000015d8    00000280     main.obj (.text:movementHandler)
                  00001858    00000216     uartstdio.obj (.text:UARTprintf)
                  00001a6e    00000002     startup_ccs.obj (.text:FaultISR)
                  00001a70    00000208     lwiplib.obj (.text:ip_input)
                  00001c78    000001f0     lwiplib.obj (.text:udp_input)
                  00001e68    000001d4     lwiplib.obj (.text:icmp_input)
                  0000203c    000001b4     lwiplib.obj (.text:tcp_output)
                  000021f0    000001a8     main.obj (.text:main)
                  00002398    00000198     driverlib-cm3.lib : sysctl.obj (.text:SysCtlClockGet)
                  00002530    00000174     motor.obj (.text:MotorsInit)
                  000026a4    00000160     lwiplib.obj (.text:etharp_arp_input)
                  00002804    0000012c     lwiplib.obj (.text:etharp_query)
                  00002930    0000012c     lwiplib.obj (.text:find_entry)
                  00002a5c    00000120     lwiplib.obj (.text:pbuf_alloc)
                  00002b7c    00000120     lwiplib.obj (.text:tcp_listen_input)
                  00002c9c    00000118     lwiplib.obj (.text:dhcp_create_request)
                  00002db4    000000f8     lwiplib.obj (.text:mem_malloc)
                  00002eac    000000f4     lwiplib.obj (.text:mem_realloc)
                  00002fa0    000000e4     lwiplib.obj (.text:udp_sendto_if)
                  00003084    000000e2     lwiplib.obj (.text:dhcp_handle_ack)
                  00003166    00000002     startup_ccs.obj (.text:IntDefaultHandler)
                  00003168    000000dc     lwiplib.obj (.text:dhcp_bind)
                  00003244    000000d8     lwiplib.obj (.text:dhcp_recv)
                  0000331c    000000d8     lwiplib.obj (.text:etharp_raw)
                  000033f4    000000d8     lwiplib.obj (.text:ip_output_if)
                  000034cc    000000d4     lwiplib.obj (.text:autoip_tmr)
                  000035a0    000000d4     lwiplib.obj (.text:dhcp_select)
                  00003674    000000d4     lwiplib.obj (.text:tcp_bind)
                  00003748    000000d4     lwiplib.obj (.text:tcp_output_segment)
                  0000381c    000000d0     lwiplib.obj (.text:etharp_output)
                  000038ec    000000cc     lwiplib.obj (.text:dhcp_discover)
                  000039b8    000000cc     lwiplib.obj (.text:lwIPPrivateInit)
                  00003a84    000000cc     lwiplib.obj (.text:lwIPServiceTimers)
                  00003b50    000000cc     lwiplib.obj (.text:tcp_alloc)
                  00003c1c    000000c8     driverlib-cm3.lib : gpio.obj (.text:GPIOPadConfigSet)
                  00003ce4    000000b8     lwiplib.obj (.text:tcp_close)
                  00003d9c    000000b8     lwiplib.obj (.text:tcp_rst)
                  00003e54    000000b0     lwiplib.obj (.text:dhcp_release)
                  00003f04    000000b0     lwiplib.obj (.text:tcp_zero_window_probe)
                  00003fb4    000000a8     lwiplib.obj (.text:autoip_arp_reply)
                  0000405c    000000a4     lwiplib.obj (.text:dhcp_start)
                  00004100    000000a4     lwiplib.obj (.text:tcp_abandon)
                  000041a4    000000a0     lwiplib.obj (.text:dhcp_reboot)
                  00004244    000000a0     lwiplib.obj (.text:stellarisif_transmit)
                  000042e4    0000009e     lwiplib.obj (.text:inet_chksum_pseudo)
                  00004382    0000009c     rtsv7M3_T_le_eabi.lib : memcpy_t2.obj (.text)
                  0000441e    00000002     startup_ccs.obj (.text:NmiSR)
                  00004420    00000098     lwiplib.obj (.text:update_arp_entry)
                  000044b8    00000094     lwiplib.obj (.text:stellarisif_receive)
                  0000454c    00000094     lwiplib.obj (.text:tcp_listen_with_backlog)
                  000045e0    00000094     lwiplib.obj (.text:tcp_oos_insert_segment)
                  00004674    0000008e     lwiplib.obj (.text:pbuf_copy)
                  00004702    00000002     rtsv7M3_T_le_eabi.lib : i_div0.obj (.text)
                  00004704    00000088     locator.obj (.text:LocatorReceive)
                  0000478c    00000088     lwiplib.obj (.text:dhcp_rebind)
                  00004814    00000088     lwiplib.obj (.text:dhcp_renew)
                  0000489c    00000088     lwiplib.obj (.text:tcp_timewait_input)
                  00004924    0000007c     lwiplib.obj (.text:dhcp_timeout)
                  000049a0    0000007c     lwiplib.obj (.text:tcp_parseopt)
                  00004a1c    0000007a     lwiplib.obj (.text:dhcp_get_option_ptr)
                  00004a96    0000007a     rtsv7M3_T_le_eabi.lib : memset_t2.obj (.text)
                  00004b10    00000078     main.obj (.text:echo_recv)
                  00004b88    00000078     lwiplib.obj (.text:tcp_output_set_header)
                  00004c00    00000070     lwiplib.obj (.text:dhcp_decline)
                  00004c70    00000070     rtsv7M3_T_le_eabi.lib : autoinit.obj (.text)
                  00004ce0    00000070     lwiplib.obj (.text:stellarisif_interrupt)
                  00004d50    0000006c     io.obj (.text:LED_Toggle)
                  00004dbc    0000006c     lwiplib.obj (.text:dhcp_unfold_reply)
                  00004e28    0000006c     lwiplib.obj (.text:icmp_send_response)
                  00004e94    0000006c     lwiplib.obj (.text:memp_init)
                  00004f00    0000006c     lwiplib.obj (.text:stellarisif_hwinit)
                  00004f6c    0000006a     rtsv7M3_T_le_eabi.lib : copy_decompress_rle.obj (.text)
                  00004fd6    0000006a     lwiplib.obj (.text:tcp_send_empty_ack)
                  00005040    00000068     main.obj (.text:SysTickIntHandler)
                  000050a8    00000068     lwiplib.obj (.text:ethernet_input)
                  00005110    00000068     lwiplib.obj (.text:mem_free)
                  00005178    00000068     lwiplib.obj (.text:pbuf_copy_partial)
                  000051e0    00000068     lwiplib.obj (.text:raw_input)
                  00005248    00000064     driverlib-cm3.lib : interrupt.obj (.text:IntEnable)
                  000052ac    00000064     motor.obj (.text:MotorSpeed)
                  00005310    00000064     uartstdio.obj (.text:UARTStdioInitExpClk)
                  00005374    00000064     lwiplib.obj (.text:autoip_start)
                  000053d8    00000064     lwiplib.obj (.text:memp_malloc)
                  0000543c    00000064     lwiplib.obj (.text:netif_set_ipaddr)
                  000054a0    00000064     lwiplib.obj (.text:plug_holes)
                  00005504    00000064     lwiplib.obj (.text:tcp_keepalive)
                  00005568    00000064     lwiplib.obj (.text:tcp_new_port)
                  000055cc    00000062     lwiplib.obj (.text:pbuf_header)
                  0000562e    00000002     rtsv7M3_T_le_eabi.lib : mpu_init.obj (.text)
                  00005630    00000060     lwiplib.obj (.text:mem_init)
                  00005690    00000060     lwiplib.obj (.text:tcp_fasttmr)
                  000056f0    00000060     lwiplib.obj (.text:tcp_pcb_remove)
                  00005750    00000060     lwiplib.obj (.text:udp_bind)
                  000057b0    00000058     driverlib-cm3.lib : sysctl.obj (.text:SysCtlPeripheralEnable)
                  00005808    00000054     locator.obj (.text:LocatorInit)
                  0000585c    00000054     lwiplib.obj (.text:autoip_create_addr)
                  000058b0    00000054     lwiplib.obj (.text:lwIPInit)
                  00005904    00000054     lwiplib.obj (.text:lwip_standard_chksum)
                  00005958    00000054     rtsv7M3_T_le_eabi.lib : exit.obj (.text)
                  000059ac    00000050     lwiplib.obj (.text:ip_route)
                  000059fc    00000050     lwiplib.obj (.text:netif_add)
                  00005a4c    00000050     lwiplib.obj (.text:stellarisif_output)
                  00005a9c    0000004e     lwiplib.obj (.text:autoip_start_probing)
                  00005aea    0000004e     lwiplib.obj (.text:inet_chksum_pbuf)
                  00005b38    0000004e     lwiplib.obj (.text:pbuf_free)
                  00005b86    0000004e     lwiplib.obj (.text:tcp_rexmit_fast)
                  00005bd4    0000004c     lwiplib.obj (.text:pbuf_realloc)
                  00005c20    0000004c     rtsv7M3_T_le_eabi.lib : cpy_tbl.obj (.text)
                  00005c6c    0000004c     lwiplib.obj (.text:tcp_kill_prio)
                  00005cb8    0000004c     lwiplib.obj (.text:udp_connect)
                  00005d04    0000004a     lwiplib.obj (.text:tcp_rexmit)
                  00005d4e    00000002     rtsv7M3_T_le_eabi.lib : startup.obj (.text)
                  00005d50    00000048     driverlib-cm3.lib : gpio.obj (.text:GPIOPinConfigure)
                  00005d98    00000048     uartstdio.obj (.text:UARTwrite)
                  00005de0    00000048     lwiplib.obj (.text:ip_output)
                  00005e28    00000046     lwiplib.obj (.text:enqueue_packet)
                  00005e6e    00000002     --HOLE-- [fill = 0]
                  00005e70    00000044     lwiplib.obj (.text:etharp_tmr)
                  00005eb4    00000042     lwiplib.obj (.text:dhcp_option_long)
                  00005ef6    00000042     lwiplib.obj (.text:dhcp_stop)
                  00005f38    00000042     lwiplib.obj (.text:tcp_pcb_purge)
                  00005f7a    00000002     --HOLE-- [fill = 0]
                  00005f7c    00000040     io.obj (.text:LED_Off)
                  00005fbc    00000040     io.obj (.text:LED_On)
                  00005ffc    00000040     motor.obj (.text:MotorDir)
                  0000603c    00000040     rtsv7M3_T_le_eabi.lib : boot.obj (.text)
                  0000607c    00000040                           : u_divt2.obj (.text)
                  000060bc    0000003c     lwiplib.obj (.text:dhcp_coarse_tmr)
                  000060f8    0000003c     lwiplib.obj (.text:memp_free)
                  00006134    0000003c     lwiplib.obj (.text:stellarisif_init)
                  00006170    00000038     driverlib-cm3.lib : ethernet.obj (.text:EthernetMACAddrSet)
                  000061a8    00000038     locator.obj (.text:LocatorAppTitleSet)
                  000061e0    00000038     lwiplib.obj (.text:autoip_bind)
                  00006218    00000038     lwiplib.obj (.text:dhcp_fine_tmr)
                  00006250    00000038     lwiplib.obj (.text:etharp_send_ip)
                  00006288    00000038     lwiplib.obj (.text:tcp_kill_timewait)
                  000062c0    00000038     lwiplib.obj (.text:udp_sendto)
                  000062f8    00000036     lwiplib.obj (.text:tcp_recved)
                  0000632e    00000034     driverlib-cm3.lib : ethernet.obj (.text:EthernetMACAddrGet)
                  00006362    00000002     --HOLE-- [fill = 0]
                  00006364    00000034     motor.obj (.text:MotorStop)
                  00006398    00000034     lwiplib.obj (.text:autoip_arp_probe)
                  000063cc    00000034     lwiplib.obj (.text:dhcp_handle_nak)
                  00006400    00000034     lwiplib.obj (.text:dhcp_handle_offer)
                  00006434    00000034     lwiplib.obj (.text:ip_addr_isbroadcast)
                  00006468    00000032     lwiplib.obj (.text:dhcp_option_trailer)
                  0000649a    00000032     lwiplib.obj (.text:tcp_update_rcv_ann_wnd)
                  000064cc    00000030     io.obj (.text:LEDsInit)
                  000064fc    00000030     main.obj (.text:echo_accept)
                  0000652c    00000030     lwiplib.obj (.text:tcp_write)
                  0000655c    00000030     lwiplib.obj (.text:udp_remove)
                  0000658c    0000002e     driverlib-cm3.lib : gpio.obj (.text:GPIODirModeSet)
                  000065ba    0000002e     lwiplib.obj (.text:dequeue_packet)
                  000065e8    0000002e     lwiplib.obj (.text:tcp_rexmit_rto)
                  00006616    00000002     --HOLE-- [fill = 0]
                  00006618    0000002c     lwiplib.obj (.text:autoip_arp_announce)
                  00006644    0000002c     lwiplib.obj (.text:etharp_request)
                  00006670    0000002c     lwiplib.obj (.text:lwIPEthernetIntHandler)
                  0000669c    0000002a     driverlib-cm3.lib : ethernet.obj (.text:EthernetConfigSet)
                  000066c6    00000028     lwiplib.obj (.text:pbuf_cat)
                  000066ee    00000028     lwiplib.obj (.text:tcp_seg_copy)
                  00006716    00000026     lwiplib.obj (.text:dhcp_check)
                  0000673c    00000026     lwiplib.obj (.text:tcp_recv_null)
                  00006762    00000002     --HOLE-- [fill = 0]
                  00006764    00000024     motor.obj (.text:MotorRun)
                  00006788    00000022     driverlib-cm3.lib : ethernet.obj (.text:EthernetEnable)
                  000067aa    00000022     main.obj (.text:close_conn)
                  000067cc    00000022     lwiplib.obj (.text:dhcp_option_short)
                  000067ee    00000022     lwiplib.obj (.text:etharp_ip_input)
                  00006810    00000022     rtsv7M3_T_le_eabi.lib : memcmp.obj (.text)
                  00006832    00000002     --HOLE-- [fill = 0]
                  00006834    00000020     locator.obj (.text:LocatorMACAddrSet)
                  00006854    00000020     lwiplib.obj (.text:autoip_handle_arp_conflict)
                  00006874    00000020     lwiplib.obj (.text:dhcp_free_reply)
                  00006894    00000020     lwiplib.obj (.text:dhcp_option)
                  000068b4    00000020     lwiplib.obj (.text:netif_set_up)
                  000068d4    00000020     lwiplib.obj (.text:tcp_eff_send_mss)
                  000068f4    00000020     lwiplib.obj (.text:tcp_seg_free)
                  00006914    00000020     lwiplib.obj (.text:tcp_tmr)
                  00006934    0000001e     driverlib-cm3.lib : ethernet.obj (.text:EthernetPHYRead)
                  00006952    0000001e     lwiplib.obj (.text:free_etharp_q)
                  00006970    0000001c     lwiplib.obj (.text:dhcp_get_option_long)
                  0000698c    0000001c     lwiplib.obj (.text:lwIPTimer)
                  000069a8    0000001c     lwiplib.obj (.text:netif_set_addr)
                  000069c4    0000001c     lwiplib.obj (.text:udp_new)
                  000069e0    0000001a     lwiplib.obj (.text:dhcp_arp_reply)
                  000069fa    0000001a     lwiplib.obj (.text:htonl)
                  00006a14    0000001a     lwiplib.obj (.text:tcp_segs_free)
                  00006a2e    00000018     lwiplib.obj (.text:dhcp_delete_request)
                  00006a46    00000002     --HOLE-- [fill = 0]
                  00006a48    00000018     main.obj (.text:lwIPHostTimerHandler)
                  00006a60    00000018     rtsv7M3_T_le_eabi.lib : args_main.obj (.text)
                  00006a78    00000018     lwiplib.obj (.text:tcp_next_iss)
                  00006a90    00000016     lwiplib.obj (.text:dhcp_t1_timeout)
                  00006aa6    00000016     lwiplib.obj (.text:dhcp_t2_timeout)
                  00006abc    00000016     lwiplib.obj (.text:pbuf_ref)
                  00006ad2    00000002     --HOLE-- [fill = 0]
                  00006ad4    00000014     driverlib-cm3.lib : ethernet.obj (.text:EthernetInitExpClk)
                  00006ae8    00000014     rtsv7M3_T_le_eabi.lib : _lock.obj (.text)
                  00006afc    00000014     lwiplib.obj (.text:sys_arch_unprotect)
                  00006b10    00000014     lwiplib.obj (.text:tcp_send_ctrl)
                  00006b24    00000012     driverlib-cm3.lib : gpio.obj (.text:GPIOPinTypeEthernetLED)
                  00006b36    00000012     lwiplib.obj (.text:dhcp_option_byte)
                  00006b48    00000012     lwiplib.obj (.text:netif_set_down)
                  00006b5a    00000012     lwiplib.obj (.text:pbuf_clen)
                  00006b6c    00000010     lwiplib.obj (.text:autoip_stop)
                  00006b7c    00000010     lwiplib.obj (.text:inet_chksum)
                  00006b8c    00000010     lwiplib.obj (.text:pbuf_chain)
                  00006b9c    00000010     lwiplib.obj (.text:sys_arch_protect)
                  00006bac    0000000e     rtsv7M3_T_le_eabi.lib : copy_decompress_none.obj (.text:decompress:none)
                  00006bba    0000000e     lwiplib.obj (.text:dhcp_set_state)
                  00006bc8    0000000c     driverlib-cm3.lib : ethernet.obj (.text:EthernetIntStatus)
                  00006bd4    0000000c     lwiplib.obj (.text:htons)
                  00006be0    0000000c     lwiplib.obj (.text:lwIPLocalIPAddrGet)
                  00006bec    0000000c     lwiplib.obj (.text:lwip_init)
                  00006bf8    0000000c     lwiplib.obj (.text:netif_set_default)
                  00006c04    0000000c     lwiplib.obj (.text:netif_set_gw)
                  00006c10    0000000c     lwiplib.obj (.text:netif_set_netmask)
                  00006c1c    0000000a     driverlib-cm3.lib : ethernet.obj (.text:EthernetIntDisable)
                  00006c26    0000000a     lwiplib.obj (.text:netif_is_up)
                  00006c30    0000000a     lwiplib.obj (.text:tcp_poll)
                  00006c3a    00000008     driverlib-cm3.lib : ethernet.obj (.text:EthernetIntEnable)
                  00006c42    00000008     uartstdio.obj (.text:UARTStdioInit)
                  00006c4a    00000008     lwiplib.obj (.text:icmp_dest_unreach)
                  00006c52    00000006     startup_ccs.obj (.text:ResetISR)
                  00006c58    00000006     rtsv7M3_T_le_eabi.lib : copy_decompress_rle.obj (.text:decompress:rle24)
                  00006c5e    00000006     lwiplib.obj (.text:tcp_accept_null)
                  00006c64    00000006     lwiplib.obj (.text:tcp_err)
                  00006c6a    00000006     lwiplib.obj (.text:tcp_new)
                  00006c70    00000006     lwiplib.obj (.text:tcp_recv)
                  00006c76    00000006     lwiplib.obj (.text:tcp_sent)
                  00006c7c    00000006     lwiplib.obj (.text:udp_recv)
                  00006c82    00000004     driverlib-cm3.lib : ethernet.obj (.text:EthernetIntClear)
                  00006c86    00000004     lwiplib.obj (.text:dhcp_get_option_byte)
                  00006c8a    00000004     rtsv7M3_T_le_eabi.lib : pre_init.obj (.text)
                  00006c8e    00000004     lwiplib.obj (.text:tcp_accept)
                  00006c92    00000004     lwiplib.obj (.text:tcp_arg)
                  00006c96    00000004     lwiplib.obj (.text:tcp_setprio)

.const     0    00006c9c    000001f7     
                  00006c9c    00000078     driverlib-cm3.lib : gpio.obj (.const:g_pulGPIOBaseAddrs)
                  00006d14    00000070                       : interrupt.obj (.const)
                  00006d84    0000006c                       : sysctl.obj (.const:g_pulXtals)
                  00006df0    00000040                       : sysctl.obj (.const)
                  00006e30    00000010     lwiplib.obj (.const:memp_num)
                  00006e40    00000010     lwiplib.obj (.const:memp_sizes)
                  00006e50    0000000d     lwiplib.obj (.const:.string:tcp_backoff)
                  00006e5d    00000003     --HOLE-- [fill = 0]
                  00006e60    0000000c     uartstdio.obj (.const:g_ulUARTBase)
                  00006e6c    0000000c     uartstdio.obj (.const:g_ulUARTPeriph)
                  00006e78    00000007     lwiplib.obj (.const:.string:tcp_persist_backoff)
                  00006e7f    00000006     lwiplib.obj (.const:ethbroadcast)
                  00006e85    00000006     lwiplib.obj (.const:ethzero)
                  00006e8b    00000004     lwiplib.obj (.const:ip_addr_any)
                  00006e8f    00000004     lwiplib.obj (.const:ip_addr_broadcast)

.cinit     0    00006e98    00000054     
                  00006e98    00000029     (.cinit..data.load) [load image, compression = rle]
                  00006ec1    00000007     --HOLE-- [fill = 0]
                  00006ec8    0000000b     (.cinit..bss.load) [load image, compression = rle]
                  00006ed3    00000001     --HOLE-- [fill = 0]
                  00006ed4    00000008     (__TI_handler_table)
                  00006edc    00000010     (__TI_cinit_table)

.init_array 
*          0    00000000    00000000     UNINITIALIZED

.bss       0    20000000    000088c0     UNINITIALIZED
                  20000000    00005814     lwiplib.obj (.bss:ram_heap)
                  20005814    00002964     lwiplib.obj (.bss:memp_memory)
                  20008178    00000400     (.common:dataBuffer)
                  20008578    000000ea     (.common:lwip_stats)
                  20008662    00000002     --HOLE--
                  20008664    000000c8     lwiplib.obj (.bss:arp_table)
                  2000872c    00000060     lwiplib.obj (.bss:stellarisif_data)
                  2000878c    00000054     locator.obj (.bss:g_pucLocatorData)
                  200087e0    00000044     lwiplib.obj (.bss)
                  20008824    00000038     lwiplib.obj (.bss:g_sNetIF)
                  2000885c    00000020     lwiplib.obj (.bss:memp_tab)
                  2000887c    00000014     lwiplib.obj (.bss:inseg)
                  20008890    00000004     (.common:current_header)
                  20008894    00000004     (.common:current_netif)
                  20008898    00000004     (.common:netif_default)
                  2000889c    00000004     (.common:netif_list)
                  200088a0    00000004     (.common:tcp_active_pcbs)
                  200088a4    00000004     (.common:tcp_bound_pcbs)
                  200088a8    00000004     (.common:tcp_input_pcb)
                  200088ac    00000004     (.common:tcp_listen_pcbs)
                  200088b0    00000004     (.common:tcp_ticks)
                  200088b4    00000004     (.common:tcp_tmp_pcb)
                  200088b8    00000004     (.common:tcp_tw_pcbs)
                  200088bc    00000004     (.common:udp_pcbs)

.stack     0    200088c0    00000400     UNINITIALIZED
                  200088c0    00000400     --HOLE--

.data      0    20008cc0    00000068     UNINITIALIZED
                  20008cc0    00000032     lwiplib.obj (.data)
                  20008cf2    00000002     --HOLE--
                  20008cf4    00000014     main.obj (.data)
                  20008d08    0000000c     rtsv7M3_T_le_eabi.lib : exit.obj (.data:$O1$$)
                  20008d14    00000008                           : _lock.obj (.data:$O1$$)
                  20008d1c    00000005     uartstdio.obj (.data)
                  20008d21    00000003     --HOLE--
                  20008d24    00000004     rtsv7M3_T_le_eabi.lib : stkdepth_vars.obj (.data)

MODULE SUMMARY

       Module                     code    ro data   rw data
       ------                     ----    -------   -------
    .\
       main.obj                   1394    0         1044   
       startup_ccs.obj            12      284       0      
    +--+--------------------------+-------+---------+---------+
       Total:                     1406    284       1044   
                                                           
    .\drivers\
       motor.obj                  624     0         0      
       io.obj                     284     0         0      
    +--+--------------------------+-------+---------+---------+
       Total:                     908     0         0      
                                                           
    .\utils\
       lwiplib.obj                22074   72        33948  
       uartstdio.obj              714     24        5      
       locator.obj                308     0         84     
    +--+--------------------------+-------+---------+---------+
       Total:                     23096   96        34037  
                                                           
    C:\ti\ccsv6\tools\compiler\arm_15.12.3.LTS\lib\rtsv7M3_T_le_eabi.lib
       memcpy_t2.obj              156     0         0      
       memset_t2.obj              122     0         0      
       autoinit.obj               112     0         0      
       copy_decompress_rle.obj    112     0         0      
       exit.obj                   84      0         12     
       cpy_tbl.obj                76      0         0      
       boot.obj                   64      0         0      
       u_divt2.obj                64      0         0      
       memcmp.obj                 34      0         0      
       _lock.obj                  20      0         8      
       args_main.obj              24      0         0      
       copy_decompress_none.obj   14      0         0      
       pre_init.obj               4       0         0      
       stkdepth_vars.obj          0       0         4      
       i_div0.obj                 2       0         0      
       mpu_init.obj               2       0         0      
       startup.obj                2       0         0      
    +--+--------------------------+-------+---------+---------+
       Total:                     892     0         24     
                                                           
    E:/StellarisWare/driverlib/ccs-cm3/Debug/driverlib-cm3.lib
       sysctl.obj                 496     172       0      
       gpio.obj                   336     120       0      
       ethernet.obj               268     0         0      
       interrupt.obj              100     112       0      
    +--+--------------------------+-------+---------+---------+
       Total:                     1200    404       0      
                                                           
       Stack:                     0       0         1024   
       Linker Generated:          0       76        0      
    +--+--------------------------+-------+---------+---------+
       Grand Total:               27502   860       36129  


LINKER GENERATED COPY TABLES

__TI_cinit_table @ 00006edc records: 2, size/record: 8, table size: 16
	.data: load addr=00006e98, load size=00000029 bytes, run addr=20008cc0, run size=00000068 bytes, compression=rle
	.bss: load addr=00006ec8, load size=0000000b bytes, run addr=20000000, run size=000088c0 bytes, compression=rle


LINKER GENERATED HANDLER TABLE

__TI_handler_table @ 00006ed4 records: 2, size/record: 4, table size: 8
	index: 0, handler: __TI_decompress_rle24
	index: 1, handler: __TI_decompress_none


GLOBAL SYMBOLS: SORTED ALPHABETICALLY BY Name 

address   name                           
-------   ----                           
00005959  C$$EXIT                        
0000669d  EthernetConfigSet              
00006789  EthernetEnable                 
00006ad5  EthernetInitExpClk             
00006c83  EthernetIntClear               
00006c1d  EthernetIntDisable             
00006c3b  EthernetIntEnable              
00006bc9  EthernetIntStatus              
0000632f  EthernetMACAddrGet             
00006171  EthernetMACAddrSet             
00006935  EthernetPHYRead                
0000658d  GPIODirModeSet                 
00003c1d  GPIOPadConfigSet               
00005d51  GPIOPinConfigure               
00006b25  GPIOPinTypeEthernetLED         
00005249  IntEnable                      
00005f7d  LED_Off                        
00005fbd  LED_On                         
00004d51  LED_Toggle                     
000064cd  LEDsInit                       
000061a9  LocatorAppTitleSet             
00005809  LocatorInit                    
00006835  LocatorMACAddrSet              
00005ffd  MotorDir                       
00006765  MotorRun                       
000052ad  MotorSpeed                     
00006365  MotorStop                      
00002531  MotorsInit                     
00006c53  ResetISR                       
UNDEFED   SHT$$INIT_ARRAY$$Base          
UNDEFED   SHT$$INIT_ARRAY$$Limit         
00002399  SysCtlClockGet                 
000057b1  SysCtlPeripheralEnable         
00005041  SysTickIntHandler              
00006c43  UARTStdioInit                  
00005311  UARTStdioInitExpClk            
00001859  UARTprintf                     
00005d99  UARTwrite                      
20008cc0  __STACK_END                    
00000400  __STACK_SIZE                   
20008cc0  __STACK_TOP                    
00006edc  __TI_CINIT_Base                
00006eec  __TI_CINIT_Limit               
00006ed4  __TI_Handler_Table_Base        
00006edc  __TI_Handler_Table_Limit       
00004c71  __TI_auto_init                 
20008d08  __TI_cleanup_ptr               
00006bad  __TI_decompress_none           
00006c59  __TI_decompress_rle24          
20008d0c  __TI_dtors_ptr                 
20008d10  __TI_enable_exit_profile_output
ffffffff  __TI_pprof_out_hndl            
ffffffff  __TI_prof_data_size            
ffffffff  __TI_prof_data_start           
00000000  __TI_static_base__             
00004703  __aeabi_idiv0                  
00004a97  __aeabi_memclr                 
00004a97  __aeabi_memclr4                
00004a97  __aeabi_memclr8                
00004383  __aeabi_memcpy                 
00004383  __aeabi_memcpy4                
00004383  __aeabi_memcpy8                
00004a99  __aeabi_memset                 
00004a99  __aeabi_memset4                
00004a99  __aeabi_memset8                
0000607d  __aeabi_uidiv                  
0000607d  __aeabi_uidivmod               
ffffffff  __binit__                      
ffffffff  __c_args__                     
0000562f  __mpu_init                     
200088c0  __stack                        
00006a61  _args_main                     
0000603d  _c_int00                       
20008d14  _lock                          
00006af7  _nop                           
00006aef  _register_lock                 
00006ae9  _register_unlock               
00005d4f  _system_post_cinit             
00006c8b  _system_pre_init               
20008d18  _unlock                        
0000595d  abort                          
00003fb5  autoip_arp_reply               
00005375  autoip_start                   
00006b6d  autoip_stop                    
000034cd  autoip_tmr                     
ffffffff  binit                          
00005c21  copy_in                        
20008d00  counter                        
20008890  current_header                 
20008894  current_netif                  
20008178  dataBuffer                     
000069e1  dhcp_arp_reply                 
000060bd  dhcp_coarse_tmr                
00006219  dhcp_fine_tmr                  
00003e55  dhcp_release                   
00004815  dhcp_renew                     
0000405d  dhcp_start                     
00005ef7  dhcp_stop                      
000026a5  etharp_arp_input               
000067ef  etharp_ip_input                
0000381d  etharp_output                  
00002805  etharp_query                   
0000331d  etharp_raw                     
00006645  etharp_request                 
00005e71  etharp_tmr                     
00006e7f  ethbroadcast                   
000050a9  ethernet_input                 
00006e85  ethzero                        
00005965  exit                           
00000000  g_pfnVectors                   
000069fb  htonl                          
00006bd5  htons                          
00006c4b  icmp_dest_unreach              
00001e69  icmp_input                     
00006b7d  inet_chksum                    
00005aeb  inet_chksum_pbuf               
000042e5  inet_chksum_pseudo             
00006e8b  ip_addr_any                    
00006e8f  ip_addr_broadcast              
00006435  ip_addr_isbroadcast            
00001a71  ip_input                       
00005de1  ip_output                      
000033f5  ip_output_if                   
000059ad  ip_route                       
20008cfc  led                            
00006671  lwIPEthernetIntHandler         
00006a49  lwIPHostTimerHandler           
000058b1  lwIPInit                       
00006be1  lwIPLocalIPAddrGet             
0000698d  lwIPTimer                      
00006bed  lwip_init                      
20008578  lwip_stats                     
000021f1  main                           
20008d24  main_func_sp                   
00005111  mem_free                       
00005631  mem_init                       
00002db5  mem_malloc                     
00002ead  mem_realloc                    
00006811  memcmp                         
00004383  memcpy                         
000060f9  memp_free                      
00004e95  memp_init                      
000053d9  memp_malloc                    
00004a9f  memset                         
000059fd  netif_add                      
20008898  netif_default                  
00006c27  netif_is_up                    
2000889c  netif_list                     
000069a9  netif_set_addr                 
00006bf9  netif_set_default              
00006b49  netif_set_down                 
00006c05  netif_set_gw                   
0000543d  netif_set_ipaddr               
00006c11  netif_set_netmask              
000068b5  netif_set_up                   
000069fb  ntohl                          
00006bd5  ntohs                          
00002a5d  pbuf_alloc                     
000066c7  pbuf_cat                       
00006b8d  pbuf_chain                     
00006b5b  pbuf_clen                      
00004675  pbuf_copy                      
00005179  pbuf_copy_partial              
00005b39  pbuf_free                      
000055cd  pbuf_header                    
00005bd5  pbuf_realloc                   
00006abd  pbuf_ref                       
000051e1  raw_input                      
20008cf8  reverse                        
20008d04  speed                          
00006135  stellarisif_init               
00004ce1  stellarisif_interrupt          
00006b9d  sys_arch_protect               
00006afd  sys_arch_unprotect             
00004101  tcp_abandon                    
00006c8f  tcp_accept                     
200088a0  tcp_active_pcbs                
00003b51  tcp_alloc                      
00006c93  tcp_arg                        
00006e50  tcp_backoff                    
00003675  tcp_bind                       
200088a4  tcp_bound_pcbs                 
00003ce5  tcp_close                      
000068d5  tcp_eff_send_mss               
00000fb5  tcp_enqueue                    
00006c65  tcp_err                        
00005691  tcp_fasttmr                    
00000c09  tcp_input                      
200088a8  tcp_input_pcb                  
00005505  tcp_keepalive                  
200088ac  tcp_listen_pcbs                
0000454d  tcp_listen_with_backlog        
00006c6b  tcp_new                        
00006a79  tcp_next_iss                   
0000203d  tcp_output                     
00005f39  tcp_pcb_purge                  
000056f1  tcp_pcb_remove                 
00006e78  tcp_persist_backoff            
00006c31  tcp_poll                       
00006c71  tcp_recv                       
0000673d  tcp_recv_null                  
000062f9  tcp_recved                     
00005d05  tcp_rexmit                     
00005b87  tcp_rexmit_fast                
000065e9  tcp_rexmit_rto                 
00003d9d  tcp_rst                        
000066ef  tcp_seg_copy                   
000068f5  tcp_seg_free                   
00006a15  tcp_segs_free                  
00006b11  tcp_send_ctrl                  
00004fd7  tcp_send_empty_ack             
00006c77  tcp_sent                       
00006c97  tcp_setprio                    
00001349  tcp_slowtmr                    
200088b0  tcp_ticks                      
200088b4  tcp_tmp_pcb                    
00006915  tcp_tmr                        
200088b8  tcp_tw_pcbs                    
0000649b  tcp_update_rcv_ann_wnd         
0000652d  tcp_write                      
00003f05  tcp_zero_window_probe          
00005751  udp_bind                       
00005cb9  udp_connect                    
00001c79  udp_input                      
000069c5  udp_new                        
200088bc  udp_pcbs                       
00006c7d  udp_recv                       
0000655d  udp_remove                     
000062c1  udp_sendto                     
00002fa1  udp_sendto_if                  


GLOBAL SYMBOLS: SORTED BY Symbol Address 

address   name                           
-------   ----                           
00000000  __TI_static_base__             
00000000  g_pfnVectors                   
00000400  __STACK_SIZE                   
00000c09  tcp_input                      
00000fb5  tcp_enqueue                    
00001349  tcp_slowtmr                    
00001859  UARTprintf                     
00001a71  ip_input                       
00001c79  udp_input                      
00001e69  icmp_input                     
0000203d  tcp_output                     
000021f1  main                           
00002399  SysCtlClockGet                 
00002531  MotorsInit                     
000026a5  etharp_arp_input               
00002805  etharp_query                   
00002a5d  pbuf_alloc                     
00002db5  mem_malloc                     
00002ead  mem_realloc                    
00002fa1  udp_sendto_if                  
0000331d  etharp_raw                     
000033f5  ip_output_if                   
000034cd  autoip_tmr                     
00003675  tcp_bind                       
0000381d  etharp_output                  
00003b51  tcp_alloc                      
00003c1d  GPIOPadConfigSet               
00003ce5  tcp_close                      
00003d9d  tcp_rst                        
00003e55  dhcp_release                   
00003f05  tcp_zero_window_probe          
00003fb5  autoip_arp_reply               
0000405d  dhcp_start                     
00004101  tcp_abandon                    
000042e5  inet_chksum_pseudo             
00004383  __aeabi_memcpy                 
00004383  __aeabi_memcpy4                
00004383  __aeabi_memcpy8                
00004383  memcpy                         
0000454d  tcp_listen_with_backlog        
00004675  pbuf_copy                      
00004703  __aeabi_idiv0                  
00004815  dhcp_renew                     
00004a97  __aeabi_memclr                 
00004a97  __aeabi_memclr4                
00004a97  __aeabi_memclr8                
00004a99  __aeabi_memset                 
00004a99  __aeabi_memset4                
00004a99  __aeabi_memset8                
00004a9f  memset                         
00004c71  __TI_auto_init                 
00004ce1  stellarisif_interrupt          
00004d51  LED_Toggle                     
00004e95  memp_init                      
00004fd7  tcp_send_empty_ack             
00005041  SysTickIntHandler              
000050a9  ethernet_input                 
00005111  mem_free                       
00005179  pbuf_copy_partial              
000051e1  raw_input                      
00005249  IntEnable                      
000052ad  MotorSpeed                     
00005311  UARTStdioInitExpClk            
00005375  autoip_start                   
000053d9  memp_malloc                    
0000543d  netif_set_ipaddr               
00005505  tcp_keepalive                  
000055cd  pbuf_header                    
0000562f  __mpu_init                     
00005631  mem_init                       
00005691  tcp_fasttmr                    
000056f1  tcp_pcb_remove                 
00005751  udp_bind                       
000057b1  SysCtlPeripheralEnable         
00005809  LocatorInit                    
000058b1  lwIPInit                       
00005959  C$$EXIT                        
0000595d  abort                          
00005965  exit                           
000059ad  ip_route                       
000059fd  netif_add                      
00005aeb  inet_chksum_pbuf               
00005b39  pbuf_free                      
00005b87  tcp_rexmit_fast                
00005bd5  pbuf_realloc                   
00005c21  copy_in                        
00005cb9  udp_connect                    
00005d05  tcp_rexmit                     
00005d4f  _system_post_cinit             
00005d51  GPIOPinConfigure               
00005d99  UARTwrite                      
00005de1  ip_output                      
00005e71  etharp_tmr                     
00005ef7  dhcp_stop                      
00005f39  tcp_pcb_purge                  
00005f7d  LED_Off                        
00005fbd  LED_On                         
00005ffd  MotorDir                       
0000603d  _c_int00                       
0000607d  __aeabi_uidiv                  
0000607d  __aeabi_uidivmod               
000060bd  dhcp_coarse_tmr                
000060f9  memp_free                      
00006135  stellarisif_init               
00006171  EthernetMACAddrSet             
000061a9  LocatorAppTitleSet             
00006219  dhcp_fine_tmr                  
000062c1  udp_sendto                     
000062f9  tcp_recved                     
0000632f  EthernetMACAddrGet             
00006365  MotorStop                      
00006435  ip_addr_isbroadcast            
0000649b  tcp_update_rcv_ann_wnd         
000064cd  LEDsInit                       
0000652d  tcp_write                      
0000655d  udp_remove                     
0000658d  GPIODirModeSet                 
000065e9  tcp_rexmit_rto                 
00006645  etharp_request                 
00006671  lwIPEthernetIntHandler         
0000669d  EthernetConfigSet              
000066c7  pbuf_cat                       
000066ef  tcp_seg_copy                   
0000673d  tcp_recv_null                  
00006765  MotorRun                       
00006789  EthernetEnable                 
000067ef  etharp_ip_input                
00006811  memcmp                         
00006835  LocatorMACAddrSet              
000068b5  netif_set_up                   
000068d5  tcp_eff_send_mss               
000068f5  tcp_seg_free                   
00006915  tcp_tmr                        
00006935  EthernetPHYRead                
0000698d  lwIPTimer                      
000069a9  netif_set_addr                 
000069c5  udp_new                        
000069e1  dhcp_arp_reply                 
000069fb  htonl                          
000069fb  ntohl                          
00006a15  tcp_segs_free                  
00006a49  lwIPHostTimerHandler           
00006a61  _args_main                     
00006a79  tcp_next_iss                   
00006abd  pbuf_ref                       
00006ad5  EthernetInitExpClk             
00006ae9  _register_unlock               
00006aef  _register_lock                 
00006af7  _nop                           
00006afd  sys_arch_unprotect             
00006b11  tcp_send_ctrl                  
00006b25  GPIOPinTypeEthernetLED         
00006b49  netif_set_down                 
00006b5b  pbuf_clen                      
00006b6d  autoip_stop                    
00006b7d  inet_chksum                    
00006b8d  pbuf_chain                     
00006b9d  sys_arch_protect               
00006bad  __TI_decompress_none           
00006bc9  EthernetIntStatus              
00006bd5  htons                          
00006bd5  ntohs                          
00006be1  lwIPLocalIPAddrGet             
00006bed  lwip_init                      
00006bf9  netif_set_default              
00006c05  netif_set_gw                   
00006c11  netif_set_netmask              
00006c1d  EthernetIntDisable             
00006c27  netif_is_up                    
00006c31  tcp_poll                       
00006c3b  EthernetIntEnable              
00006c43  UARTStdioInit                  
00006c4b  icmp_dest_unreach              
00006c53  ResetISR                       
00006c59  __TI_decompress_rle24          
00006c65  tcp_err                        
00006c6b  tcp_new                        
00006c71  tcp_recv                       
00006c77  tcp_sent                       
00006c7d  udp_recv                       
00006c83  EthernetIntClear               
00006c8b  _system_pre_init               
00006c8f  tcp_accept                     
00006c93  tcp_arg                        
00006c97  tcp_setprio                    
00006e50  tcp_backoff                    
00006e78  tcp_persist_backoff            
00006e7f  ethbroadcast                   
00006e85  ethzero                        
00006e8b  ip_addr_any                    
00006e8f  ip_addr_broadcast              
00006ed4  __TI_Handler_Table_Base        
00006edc  __TI_CINIT_Base                
00006edc  __TI_Handler_Table_Limit       
00006eec  __TI_CINIT_Limit               
20008178  dataBuffer                     
20008578  lwip_stats                     
20008890  current_header                 
20008894  current_netif                  
20008898  netif_default                  
2000889c  netif_list                     
200088a0  tcp_active_pcbs                
200088a4  tcp_bound_pcbs                 
200088a8  tcp_input_pcb                  
200088ac  tcp_listen_pcbs                
200088b0  tcp_ticks                      
200088b4  tcp_tmp_pcb                    
200088b8  tcp_tw_pcbs                    
200088bc  udp_pcbs                       
200088c0  __stack                        
20008cc0  __STACK_END                    
20008cc0  __STACK_TOP                    
20008cf8  reverse                        
20008cfc  led                            
20008d00  counter                        
20008d04  speed                          
20008d08  __TI_cleanup_ptr               
20008d0c  __TI_dtors_ptr                 
20008d10  __TI_enable_exit_profile_output
20008d14  _lock                          
20008d18  _unlock                        
20008d24  main_func_sp                   
ffffffff  __TI_pprof_out_hndl            
ffffffff  __TI_prof_data_size            
ffffffff  __TI_prof_data_start           
ffffffff  __binit__                      
ffffffff  __c_args__                     
ffffffff  binit                          
UNDEFED   SHT$$INIT_ARRAY$$Base          
UNDEFED   SHT$$INIT_ARRAY$$Limit         

[230 symbols]
