<?xml version="1.0"?>
<link_info>
   <banner>TI ARM Linker PC v15.12.3.LTS</banner>
   <copyright>Copyright (c) 1996-2015 Texas Instruments Incorporated</copyright>
   <link_time>0x5956378c</link_time>
   <link_errors>0x0</link_errors>
   <output_file>EvalBot_Ethernet.out</output_file>
   <entry_point>
      <name>_c_int00</name>
      <address>0x603d</address>
   </entry_point>
   <input_file_list>
      <input_file id="fl-2">
         <path>.\</path>
         <kind>object</kind>
         <file>lmi_fs.obj</file>
         <name>lmi_fs.obj</name>
      </input_file>
      <input_file id="fl-3">
         <path>.\</path>
         <kind>object</kind>
         <file>main.obj</file>
         <name>main.obj</name>
      </input_file>
      <input_file id="fl-4">
         <path>.\</path>
         <kind>object</kind>
         <file>startup_ccs.obj</file>
         <name>startup_ccs.obj</name>
      </input_file>
      <input_file id="fl-5">
         <path>.\drivers\</path>
         <kind>object</kind>
         <file>io.obj</file>
         <name>io.obj</name>
      </input_file>
      <input_file id="fl-6">
         <path>.\drivers\</path>
         <kind>object</kind>
         <file>motor.obj</file>
         <name>motor.obj</name>
      </input_file>
      <input_file id="fl-7">
         <path>.\drivers\</path>
         <kind>object</kind>
         <file>sensors.obj</file>
         <name>sensors.obj</name>
      </input_file>
      <input_file id="fl-8">
         <path>.\utils\</path>
         <kind>object</kind>
         <file>locator.obj</file>
         <name>locator.obj</name>
      </input_file>
      <input_file id="fl-9">
         <path>.\utils\</path>
         <kind>object</kind>
         <file>lwiplib.obj</file>
         <name>lwiplib.obj</name>
      </input_file>
      <input_file id="fl-a">
         <path>.\utils\</path>
         <kind>object</kind>
         <file>uartstdio.obj</file>
         <name>uartstdio.obj</name>
      </input_file>
      <input_file id="fl-c5">
         <path>C:\ti\ccsv6\tools\compiler\arm_15.12.3.LTS\lib\</path>
         <kind>archive</kind>
         <file>rtsv7M3_T_le_eabi.lib</file>
         <name>boot.obj</name>
      </input_file>
      <input_file id="fl-c6">
         <path>C:\ti\ccsv6\tools\compiler\arm_15.12.3.LTS\lib\</path>
         <kind>archive</kind>
         <file>rtsv7M3_T_le_eabi.lib</file>
         <name>copy_decompress_none.obj</name>
      </input_file>
      <input_file id="fl-c7">
         <path>C:\ti\ccsv6\tools\compiler\arm_15.12.3.LTS\lib\</path>
         <kind>archive</kind>
         <file>rtsv7M3_T_le_eabi.lib</file>
         <name>copy_decompress_rle.obj</name>
      </input_file>
      <input_file id="fl-c8">
         <path>C:\ti\ccsv6\tools\compiler\arm_15.12.3.LTS\lib\</path>
         <kind>archive</kind>
         <file>rtsv7M3_T_le_eabi.lib</file>
         <name>copy_zero_init.obj</name>
      </input_file>
      <input_file id="fl-c9">
         <path>C:\ti\ccsv6\tools\compiler\arm_15.12.3.LTS\lib\</path>
         <kind>archive</kind>
         <file>rtsv7M3_T_le_eabi.lib</file>
         <name>exit.obj</name>
      </input_file>
      <input_file id="fl-ca">
         <path>C:\ti\ccsv6\tools\compiler\arm_15.12.3.LTS\lib\</path>
         <kind>archive</kind>
         <file>rtsv7M3_T_le_eabi.lib</file>
         <name>memcmp.obj</name>
      </input_file>
      <input_file id="fl-cb">
         <path>C:\ti\ccsv6\tools\compiler\arm_15.12.3.LTS\lib\</path>
         <kind>archive</kind>
         <file>rtsv7M3_T_le_eabi.lib</file>
         <name>memcpy_t2.obj</name>
      </input_file>
      <input_file id="fl-cc">
         <path>C:\ti\ccsv6\tools\compiler\arm_15.12.3.LTS\lib\</path>
         <kind>archive</kind>
         <file>rtsv7M3_T_le_eabi.lib</file>
         <name>memset_t2.obj</name>
      </input_file>
      <input_file id="fl-cd">
         <path>C:\ti\ccsv6\tools\compiler\arm_15.12.3.LTS\lib\</path>
         <kind>archive</kind>
         <file>rtsv7M3_T_le_eabi.lib</file>
         <name>mpu_init.obj</name>
      </input_file>
      <input_file id="fl-ce">
         <path>C:\ti\ccsv6\tools\compiler\arm_15.12.3.LTS\lib\</path>
         <kind>archive</kind>
         <file>rtsv7M3_T_le_eabi.lib</file>
         <name>pre_init.obj</name>
      </input_file>
      <input_file id="fl-cf">
         <path>C:\ti\ccsv6\tools\compiler\arm_15.12.3.LTS\lib\</path>
         <kind>archive</kind>
         <file>rtsv7M3_T_le_eabi.lib</file>
         <name>stkdepth_vars.obj</name>
      </input_file>
      <input_file id="fl-d0">
         <path>C:\ti\ccsv6\tools\compiler\arm_15.12.3.LTS\lib\</path>
         <kind>archive</kind>
         <file>rtsv7M3_T_le_eabi.lib</file>
         <name>strncmp.obj</name>
      </input_file>
      <input_file id="fl-d1">
         <path>C:\ti\ccsv6\tools\compiler\arm_15.12.3.LTS\lib\</path>
         <kind>archive</kind>
         <file>rtsv7M3_T_le_eabi.lib</file>
         <name>u_divt2.obj</name>
      </input_file>
      <input_file id="fl-d2">
         <path>C:\ti\ccsv6\tools\compiler\arm_15.12.3.LTS\lib\</path>
         <kind>archive</kind>
         <file>rtsv7M3_T_le_eabi.lib</file>
         <name>_lock.obj</name>
      </input_file>
      <input_file id="fl-d3">
         <path>C:\ti\ccsv6\tools\compiler\arm_15.12.3.LTS\lib\</path>
         <kind>archive</kind>
         <file>rtsv7M3_T_le_eabi.lib</file>
         <name>args_main.obj</name>
      </input_file>
      <input_file id="fl-d4">
         <path>C:\ti\ccsv6\tools\compiler\arm_15.12.3.LTS\lib\</path>
         <kind>archive</kind>
         <file>rtsv7M3_T_le_eabi.lib</file>
         <name>autoinit.obj</name>
      </input_file>
      <input_file id="fl-d5">
         <path>C:\ti\ccsv6\tools\compiler\arm_15.12.3.LTS\lib\</path>
         <kind>archive</kind>
         <file>rtsv7M3_T_le_eabi.lib</file>
         <name>cpy_tbl.obj</name>
      </input_file>
      <input_file id="fl-d6">
         <path>C:\ti\ccsv6\tools\compiler\arm_15.12.3.LTS\lib\</path>
         <kind>archive</kind>
         <file>rtsv7M3_T_le_eabi.lib</file>
         <name>i_div0.obj</name>
      </input_file>
      <input_file id="fl-d7">
         <path>C:\ti\ccsv6\tools\compiler\arm_15.12.3.LTS\lib\</path>
         <kind>archive</kind>
         <file>rtsv7M3_T_le_eabi.lib</file>
         <name>startup.obj</name>
      </input_file>
      <input_file id="fl-d8">
         <path>E:\StellarisWare\driverlib\ccs-cm3\Debug\</path>
         <kind>archive</kind>
         <file>driverlib-cm3.lib</file>
         <name>sysctl.obj</name>
      </input_file>
      <input_file id="fl-d9">
         <path>E:\StellarisWare\driverlib\ccs-cm3\Debug\</path>
         <kind>archive</kind>
         <file>driverlib-cm3.lib</file>
         <name>interrupt.obj</name>
      </input_file>
      <input_file id="fl-da">
         <path>E:\StellarisWare\driverlib\ccs-cm3\Debug\</path>
         <kind>archive</kind>
         <file>driverlib-cm3.lib</file>
         <name>gpio.obj</name>
      </input_file>
      <input_file id="fl-db">
         <path>E:\StellarisWare\driverlib\ccs-cm3\Debug\</path>
         <kind>archive</kind>
         <file>driverlib-cm3.lib</file>
         <name>ethernet.obj</name>
      </input_file>
      <input_file id="fl-dc">
         <path>E:\StellarisWare\driverlib\ccs-cm3\Debug\</path>
         <kind>archive</kind>
         <file>driverlib-cm3.lib</file>
         <name>cpu.obj</name>
      </input_file>
   </input_file_list>
   <object_component_list>
      <object_component id="oc-f">
         <name>.intvecs</name>
         <load_address>0x0</load_address>
         <run_address>0x0</run_address>
         <size>0x11c</size>
         <input_file_ref idref="fl-4"/>
      </object_component>
      <object_component id="oc-6ff">
         <name>.text:tcp_receive</name>
         <load_address>0x11c</load_address>
         <run_address>0x11c</run_address>
         <size>0x734</size>
         <input_file_ref idref="fl-9"/>
      </object_component>
      <object_component id="oc-590">
         <name>.text:tcp_process</name>
         <load_address>0x850</load_address>
         <run_address>0x850</run_address>
         <size>0x3b8</size>
         <input_file_ref idref="fl-9"/>
      </object_component>
      <object_component id="oc-3fe">
         <name>.text:tcp_input</name>
         <load_address>0xc08</load_address>
         <run_address>0xc08</run_address>
         <size>0x3ac</size>
         <input_file_ref idref="fl-9"/>
      </object_component>
      <object_component id="oc-6dc">
         <name>.text:tcp_enqueue</name>
         <load_address>0xfb4</load_address>
         <run_address>0xfb4</run_address>
         <size>0x394</size>
         <input_file_ref idref="fl-9"/>
      </object_component>
      <object_component id="oc-2dd">
         <name>.text:tcp_slowtmr</name>
         <load_address>0x1348</load_address>
         <run_address>0x1348</run_address>
         <size>0x290</size>
         <input_file_ref idref="fl-9"/>
      </object_component>
      <object_component id="oc-530">
         <name>.text:movementHandler</name>
         <load_address>0x15d8</load_address>
         <run_address>0x15d8</run_address>
         <size>0x280</size>
         <input_file_ref idref="fl-3"/>
      </object_component>
      <object_component id="oc-1ab">
         <name>.text:UARTprintf</name>
         <load_address>0x1858</load_address>
         <run_address>0x1858</run_address>
         <size>0x216</size>
         <input_file_ref idref="fl-a"/>
      </object_component>
      <object_component id="oc-37">
         <name>.text:FaultISR</name>
         <load_address>0x1a6e</load_address>
         <run_address>0x1a6e</run_address>
         <size>0x2</size>
         <input_file_ref idref="fl-4"/>
      </object_component>
      <object_component id="oc-29d">
         <name>.text:ip_input</name>
         <load_address>0x1a70</load_address>
         <run_address>0x1a70</run_address>
         <size>0x208</size>
         <input_file_ref idref="fl-9"/>
      </object_component>
      <object_component id="oc-3f8">
         <name>.text:udp_input</name>
         <load_address>0x1c78</load_address>
         <run_address>0x1c78</run_address>
         <size>0x1f0</size>
         <input_file_ref idref="fl-9"/>
      </object_component>
      <object_component id="oc-404">
         <name>.text:icmp_input</name>
         <load_address>0x1e68</load_address>
         <run_address>0x1e68</run_address>
         <size>0x1d4</size>
         <input_file_ref idref="fl-9"/>
      </object_component>
      <object_component id="oc-434">
         <name>.text:tcp_output</name>
         <load_address>0x203c</load_address>
         <run_address>0x203c</run_address>
         <size>0x1b4</size>
         <input_file_ref idref="fl-9"/>
      </object_component>
      <object_component id="oc-ef">
         <name>.text:main</name>
         <load_address>0x21f0</load_address>
         <run_address>0x21f0</run_address>
         <size>0x1a8</size>
         <input_file_ref idref="fl-3"/>
      </object_component>
      <object_component id="oc-783">
         <name>.text:SysCtlClockGet</name>
         <load_address>0x2398</load_address>
         <run_address>0x2398</run_address>
         <size>0x198</size>
         <input_file_ref idref="fl-d8"/>
      </object_component>
      <object_component id="oc-18f">
         <name>.text:MotorsInit</name>
         <load_address>0x2530</load_address>
         <run_address>0x2530</run_address>
         <size>0x174</size>
         <input_file_ref idref="fl-6"/>
      </object_component>
      <object_component id="oc-2a3">
         <name>.text:etharp_arp_input</name>
         <load_address>0x26a4</load_address>
         <run_address>0x26a4</run_address>
         <size>0x160</size>
         <input_file_ref idref="fl-9"/>
      </object_component>
      <object_component id="oc-64b">
         <name>.text:etharp_query</name>
         <load_address>0x2804</load_address>
         <run_address>0x2804</run_address>
         <size>0x12c</size>
         <input_file_ref idref="fl-9"/>
      </object_component>
      <object_component id="oc-557">
         <name>.text:find_entry</name>
         <load_address>0x2930</load_address>
         <run_address>0x2930</run_address>
         <size>0x12c</size>
         <input_file_ref idref="fl-9"/>
      </object_component>
      <object_component id="oc-284">
         <name>.text:pbuf_alloc</name>
         <load_address>0x2a5c</load_address>
         <run_address>0x2a5c</run_address>
         <size>0x120</size>
         <input_file_ref idref="fl-9"/>
      </object_component>
      <object_component id="oc-584">
         <name>.text:tcp_listen_input</name>
         <load_address>0x2b7c</load_address>
         <run_address>0x2b7c</run_address>
         <size>0x120</size>
         <input_file_ref idref="fl-9"/>
      </object_component>
      <object_component id="oc-612">
         <name>.text:dhcp_create_request</name>
         <load_address>0x2c9c</load_address>
         <run_address>0x2c9c</run_address>
         <size>0x118</size>
         <input_file_ref idref="fl-9"/>
      </object_component>
      <object_component id="oc-3be">
         <name>.text:mem_malloc</name>
         <load_address>0x2db4</load_address>
         <run_address>0x2db4</run_address>
         <size>0xf8</size>
         <input_file_ref idref="fl-9"/>
      </object_component>
      <object_component id="oc-56b">
         <name>.text:mem_realloc</name>
         <load_address>0x2eac</load_address>
         <run_address>0x2eac</run_address>
         <size>0xf4</size>
         <input_file_ref idref="fl-9"/>
      </object_component>
      <object_component id="oc-62c">
         <name>.text:udp_sendto_if</name>
         <load_address>0x2fa0</load_address>
         <run_address>0x2fa0</run_address>
         <size>0xe4</size>
         <input_file_ref idref="fl-9"/>
      </object_component>
      <object_component id="oc-76c">
         <name>.text:dhcp_handle_ack</name>
         <load_address>0x3084</load_address>
         <run_address>0x3084</run_address>
         <size>0xe2</size>
         <input_file_ref idref="fl-9"/>
      </object_component>
      <object_component id="oc-3d">
         <name>.text:IntDefaultHandler</name>
         <load_address>0x3166</load_address>
         <run_address>0x3166</run_address>
         <size>0x2</size>
         <input_file_ref idref="fl-4"/>
      </object_component>
      <object_component id="oc-4a1">
         <name>.text:dhcp_bind</name>
         <load_address>0x3168</load_address>
         <run_address>0x3168</run_address>
         <size>0xdc</size>
         <input_file_ref idref="fl-9"/>
      </object_component>
      <object_component id="oc-68f">
         <name>.text:dhcp_recv</name>
         <load_address>0x3244</load_address>
         <run_address>0x3244</run_address>
         <size>0xd8</size>
         <input_file_ref idref="fl-9"/>
      </object_component>
      <object_component id="oc-482">
         <name>.text:etharp_raw</name>
         <load_address>0x331c</load_address>
         <run_address>0x331c</run_address>
         <size>0xd8</size>
         <input_file_ref idref="fl-9"/>
      </object_component>
      <object_component id="oc-5ad">
         <name>.text:ip_output_if</name>
         <load_address>0x33f4</load_address>
         <run_address>0x33f4</run_address>
         <size>0xd8</size>
         <input_file_ref idref="fl-9"/>
      </object_component>
      <object_component id="oc-160">
         <name>.text:autoip_tmr</name>
         <load_address>0x34cc</load_address>
         <run_address>0x34cc</run_address>
         <size>0xd4</size>
         <input_file_ref idref="fl-9"/>
      </object_component>
      <object_component id="oc-4b3">
         <name>.text:dhcp_select</name>
         <load_address>0x35a0</load_address>
         <run_address>0x35a0</run_address>
         <size>0xd4</size>
         <input_file_ref idref="fl-9"/>
      </object_component>
      <object_component id="oc-1d3">
         <name>.text:tcp_bind</name>
         <load_address>0x3674</load_address>
         <run_address>0x3674</run_address>
         <size>0xd4</size>
         <input_file_ref idref="fl-9"/>
      </object_component>
      <object_component id="oc-5d6">
         <name>.text:tcp_output_segment</name>
         <load_address>0x3748</load_address>
         <run_address>0x3748</run_address>
         <size>0xd4</size>
         <input_file_ref idref="fl-9"/>
      </object_component>
      <object_component id="oc-6ac">
         <name>.text:etharp_output</name>
         <load_address>0x381c</load_address>
         <run_address>0x381c</run_address>
         <size>0xd0</size>
         <input_file_ref idref="fl-9"/>
      </object_component>
      <object_component id="oc-4b9">
         <name>.text:dhcp_discover</name>
         <load_address>0x38ec</load_address>
         <run_address>0x38ec</run_address>
         <size>0xcc</size>
         <input_file_ref idref="fl-9"/>
      </object_component>
      <object_component id="oc-34f">
         <name>.text:lwIPPrivateInit</name>
         <load_address>0x39b8</load_address>
         <run_address>0x39b8</run_address>
         <size>0xcc</size>
         <input_file_ref idref="fl-9"/>
      </object_component>
      <object_component id="oc-bb">
         <name>.text:lwIPServiceTimers</name>
         <load_address>0x3a84</load_address>
         <run_address>0x3a84</run_address>
         <size>0xcc</size>
         <input_file_ref idref="fl-9"/>
      </object_component>
      <object_component id="oc-375">
         <name>.text:tcp_alloc</name>
         <load_address>0x3b50</load_address>
         <run_address>0x3b50</run_address>
         <size>0xcc</size>
         <input_file_ref idref="fl-9"/>
      </object_component>
      <object_component id="oc-342">
         <name>.text:GPIOPadConfigSet</name>
         <load_address>0x3c1c</load_address>
         <run_address>0x3c1c</run_address>
         <size>0xc8</size>
         <input_file_ref idref="fl-da"/>
      </object_component>
      <object_component id="oc-5c9">
         <name>.text:tcp_close</name>
         <load_address>0x3ce4</load_address>
         <run_address>0x3ce4</run_address>
         <size>0xb8</size>
         <input_file_ref idref="fl-9"/>
      </object_component>
      <object_component id="oc-459">
         <name>.text:tcp_rst</name>
         <load_address>0x3d9c</load_address>
         <run_address>0x3d9c</run_address>
         <size>0xb8</size>
         <input_file_ref idref="fl-9"/>
      </object_component>
      <object_component id="oc-4ad">
         <name>.text:dhcp_release</name>
         <load_address>0x3e54</load_address>
         <run_address>0x3e54</run_address>
         <size>0xb0</size>
         <input_file_ref idref="fl-9"/>
      </object_component>
      <object_component id="oc-441">
         <name>.text:tcp_zero_window_probe</name>
         <load_address>0x3f04</load_address>
         <run_address>0x3f04</run_address>
         <size>0xb0</size>
         <input_file_ref idref="fl-9"/>
      </object_component>
      <object_component id="oc-40d">
         <name>.text:autoip_arp_reply</name>
         <load_address>0x3fb4</load_address>
         <run_address>0x3fb4</run_address>
         <size>0xa8</size>
         <input_file_ref idref="fl-9"/>
      </object_component>
      <object_component id="oc-4f3">
         <name>.text:dhcp_start</name>
         <load_address>0x405c</load_address>
         <run_address>0x405c</run_address>
         <size>0xa4</size>
         <input_file_ref idref="fl-9"/>
      </object_component>
      <object_component id="oc-5f9">
         <name>.text:tcp_abandon</name>
         <load_address>0x4100</load_address>
         <run_address>0x4100</run_address>
         <size>0xa4</size>
         <input_file_ref idref="fl-9"/>
      </object_component>
      <object_component id="oc-49b">
         <name>.text:dhcp_reboot</name>
         <load_address>0x41a4</load_address>
         <run_address>0x41a4</run_address>
         <size>0xa0</size>
         <input_file_ref idref="fl-9"/>
      </object_component>
      <object_component id="oc-142">
         <name>.text:stellarisif_transmit</name>
         <load_address>0x4244</load_address>
         <run_address>0x4244</run_address>
         <size>0xa0</size>
         <input_file_ref idref="fl-9"/>
      </object_component>
      <object_component id="oc-57d">
         <name>.text:inet_chksum_pseudo</name>
         <load_address>0x42e4</load_address>
         <run_address>0x42e4</run_address>
         <size>0x9e</size>
         <input_file_ref idref="fl-9"/>
      </object_component>
      <object_component id="oc-52">
         <name>.text</name>
         <load_address>0x4382</load_address>
         <run_address>0x4382</run_address>
         <size>0x9c</size>
         <input_file_ref idref="fl-cb"/>
      </object_component>
      <object_component id="oc-31">
         <name>.text:NmiSR</name>
         <load_address>0x441e</load_address>
         <run_address>0x441e</run_address>
         <size>0x2</size>
         <input_file_ref idref="fl-4"/>
      </object_component>
      <object_component id="oc-3c6">
         <name>.text:update_arp_entry</name>
         <load_address>0x4420</load_address>
         <run_address>0x4420</run_address>
         <size>0x98</size>
         <input_file_ref idref="fl-9"/>
      </object_component>
      <object_component id="oc-12a">
         <name>.text:stellarisif_receive</name>
         <load_address>0x44b8</load_address>
         <run_address>0x44b8</run_address>
         <size>0x94</size>
         <input_file_ref idref="fl-9"/>
      </object_component>
      <object_component id="oc-1d9">
         <name>.text:tcp_listen_with_backlog</name>
         <load_address>0x454c</load_address>
         <run_address>0x454c</run_address>
         <size>0x94</size>
         <input_file_ref idref="fl-9"/>
      </object_component>
      <object_component id="oc-7c7">
         <name>.text:tcp_oos_insert_segment</name>
         <load_address>0x45e0</load_address>
         <run_address>0x45e0</run_address>
         <size>0x94</size>
         <input_file_ref idref="fl-9"/>
      </object_component>
      <object_component id="oc-5a7">
         <name>.text:pbuf_copy</name>
         <load_address>0x4674</load_address>
         <run_address>0x4674</run_address>
         <size>0x8e</size>
         <input_file_ref idref="fl-9"/>
      </object_component>
      <object_component id="oc-4d5">
         <name>.text</name>
         <load_address>0x4702</load_address>
         <run_address>0x4702</run_address>
         <size>0x2</size>
         <input_file_ref idref="fl-d6"/>
      </object_component>
      <object_component id="oc-36b">
         <name>.text:LocatorReceive</name>
         <load_address>0x4704</load_address>
         <run_address>0x4704</run_address>
         <size>0x88</size>
         <input_file_ref idref="fl-8"/>
      </object_component>
      <object_component id="oc-494">
         <name>.text:dhcp_rebind</name>
         <load_address>0x478c</load_address>
         <run_address>0x478c</run_address>
         <size>0x88</size>
         <input_file_ref idref="fl-9"/>
      </object_component>
      <object_component id="oc-48d">
         <name>.text:dhcp_renew</name>
         <load_address>0x4814</load_address>
         <run_address>0x4814</run_address>
         <size>0x88</size>
         <input_file_ref idref="fl-9"/>
      </object_component>
      <object_component id="oc-58a">
         <name>.text:tcp_timewait_input</name>
         <load_address>0x489c</load_address>
         <run_address>0x489c</run_address>
         <size>0x88</size>
         <input_file_ref idref="fl-9"/>
      </object_component>
      <object_component id="oc-308">
         <name>.text:dhcp_timeout</name>
         <load_address>0x4924</load_address>
         <run_address>0x4924</run_address>
         <size>0x7c</size>
         <input_file_ref idref="fl-9"/>
      </object_component>
      <object_component id="oc-6f1">
         <name>.text:tcp_parseopt</name>
         <load_address>0x49a0</load_address>
         <run_address>0x49a0</run_address>
         <size>0x7c</size>
         <input_file_ref idref="fl-9"/>
      </object_component>
      <object_component id="oc-754">
         <name>.text:dhcp_get_option_ptr</name>
         <load_address>0x4a1c</load_address>
         <run_address>0x4a1c</run_address>
         <size>0x7a</size>
         <input_file_ref idref="fl-9"/>
      </object_component>
      <object_component id="oc-6b">
         <name>.text</name>
         <load_address>0x4a96</load_address>
         <run_address>0x4a96</run_address>
         <size>0x7a</size>
         <input_file_ref idref="fl-cc"/>
      </object_component>
      <object_component id="oc-3ac">
         <name>.text:echo_recv</name>
         <load_address>0x4b10</load_address>
         <run_address>0x4b10</run_address>
         <size>0x78</size>
         <input_file_ref idref="fl-3"/>
      </object_component>
      <object_component id="oc-5e4">
         <name>.text:tcp_output_set_header</name>
         <load_address>0x4b88</load_address>
         <run_address>0x4b88</run_address>
         <size>0x78</size>
         <input_file_ref idref="fl-9"/>
      </object_component>
      <object_component id="oc-5bd">
         <name>.text:dhcp_decline</name>
         <load_address>0x4c00</load_address>
         <run_address>0x4c00</run_address>
         <size>0x70</size>
         <input_file_ref idref="fl-9"/>
      </object_component>
      <object_component id="oc-83">
         <name>.text</name>
         <load_address>0x4c70</load_address>
         <run_address>0x4c70</run_address>
         <size>0x70</size>
         <input_file_ref idref="fl-d4"/>
      </object_component>
      <object_component id="oc-b5">
         <name>.text:stellarisif_interrupt</name>
         <load_address>0x4ce0</load_address>
         <run_address>0x4ce0</run_address>
         <size>0x70</size>
         <input_file_ref idref="fl-9"/>
      </object_component>
      <object_component id="oc-a3">
         <name>.text:LED_Toggle</name>
         <load_address>0x4d50</load_address>
         <run_address>0x4d50</run_address>
         <size>0x6c</size>
         <input_file_ref idref="fl-5"/>
      </object_component>
      <object_component id="oc-74e">
         <name>.text:dhcp_unfold_reply</name>
         <load_address>0x4dbc</load_address>
         <run_address>0x4dbc</run_address>
         <size>0x6c</size>
         <input_file_ref idref="fl-9"/>
      </object_component>
      <object_component id="oc-576">
         <name>.text:icmp_send_response</name>
         <load_address>0x4e28</load_address>
         <run_address>0x4e28</run_address>
         <size>0x6c</size>
         <input_file_ref idref="fl-9"/>
      </object_component>
      <object_component id="oc-66e">
         <name>.text:memp_init</name>
         <load_address>0x4e94</load_address>
         <run_address>0x4e94</run_address>
         <size>0x6c</size>
         <input_file_ref idref="fl-9"/>
      </object_component>
      <object_component id="oc-6a3">
         <name>.text:stellarisif_hwinit</name>
         <load_address>0x4f00</load_address>
         <run_address>0x4f00</run_address>
         <size>0x6c</size>
         <input_file_ref idref="fl-9"/>
      </object_component>
      <object_component id="oc-5e">
         <name>.text</name>
         <load_address>0x4f6c</load_address>
         <run_address>0x4f6c</run_address>
         <size>0x6a</size>
         <input_file_ref idref="fl-c7"/>
      </object_component>
      <object_component id="oc-5d0">
         <name>.text:tcp_send_empty_ack</name>
         <load_address>0x4fd6</load_address>
         <run_address>0x4fd6</run_address>
         <size>0x6a</size>
         <input_file_ref idref="fl-9"/>
      </object_component>
      <object_component id="oc-43">
         <name>.text:SysTickIntHandler</name>
         <load_address>0x5040</load_address>
         <run_address>0x5040</run_address>
         <size>0x68</size>
         <input_file_ref idref="fl-3"/>
      </object_component>
      <object_component id="oc-130">
         <name>.text:ethernet_input</name>
         <load_address>0x50a8</load_address>
         <run_address>0x50a8</run_address>
         <size>0x68</size>
         <input_file_ref idref="fl-9"/>
      </object_component>
      <object_component id="oc-2b6">
         <name>.text:mem_free</name>
         <load_address>0x5110</load_address>
         <run_address>0x5110</run_address>
         <size>0x68</size>
         <input_file_ref idref="fl-9"/>
      </object_component>
      <object_component id="oc-7dc">
         <name>.text:pbuf_copy_partial</name>
         <load_address>0x5178</load_address>
         <run_address>0x5178</run_address>
         <size>0x68</size>
         <input_file_ref idref="fl-9"/>
      </object_component>
      <object_component id="oc-3ec">
         <name>.text:raw_input</name>
         <load_address>0x51e0</load_address>
         <run_address>0x51e0</run_address>
         <size>0x68</size>
         <input_file_ref idref="fl-9"/>
      </object_component>
      <object_component id="oc-793">
         <name>.text:IntEnable</name>
         <load_address>0x5248</load_address>
         <run_address>0x5248</run_address>
         <size>0x64</size>
         <input_file_ref idref="fl-d9"/>
      </object_component>
      <object_component id="oc-195">
         <name>.text:MotorSpeed</name>
         <load_address>0x52ac</load_address>
         <run_address>0x52ac</run_address>
         <size>0x64</size>
         <input_file_ref idref="fl-6"/>
      </object_component>
      <object_component id="oc-32a">
         <name>.text:UARTStdioInitExpClk</name>
         <load_address>0x5310</load_address>
         <run_address>0x5310</run_address>
         <size>0x64</size>
         <input_file_ref idref="fl-a"/>
      </object_component>
      <object_component id="oc-4f9">
         <name>.text:autoip_start</name>
         <load_address>0x5374</load_address>
         <run_address>0x5374</run_address>
         <size>0x64</size>
         <input_file_ref idref="fl-9"/>
      </object_component>
      <object_component id="oc-383">
         <name>.text:memp_malloc</name>
         <load_address>0x53d8</load_address>
         <run_address>0x53d8</run_address>
         <size>0x64</size>
         <input_file_ref idref="fl-9"/>
      </object_component>
      <object_component id="oc-469">
         <name>.text:netif_set_ipaddr</name>
         <load_address>0x543c</load_address>
         <run_address>0x543c</run_address>
         <size>0x64</size>
         <input_file_ref idref="fl-9"/>
      </object_component>
      <object_component id="oc-41f">
         <name>.text:plug_holes</name>
         <load_address>0x54a0</load_address>
         <run_address>0x54a0</run_address>
         <size>0x64</size>
         <input_file_ref idref="fl-9"/>
      </object_component>
      <object_component id="oc-447">
         <name>.text:tcp_keepalive</name>
         <load_address>0x5504</load_address>
         <run_address>0x5504</run_address>
         <size>0x64</size>
         <input_file_ref idref="fl-9"/>
      </object_component>
      <object_component id="oc-37c">
         <name>.text:tcp_new_port</name>
         <load_address>0x5568</load_address>
         <run_address>0x5568</run_address>
         <size>0x64</size>
         <input_file_ref idref="fl-9"/>
      </object_component>
      <object_component id="oc-297">
         <name>.text:pbuf_header</name>
         <load_address>0x55cc</load_address>
         <run_address>0x55cc</run_address>
         <size>0x62</size>
         <input_file_ref idref="fl-9"/>
      </object_component>
      <object_component id="oc-77">
         <name>.text</name>
         <load_address>0x562e</load_address>
         <run_address>0x562e</run_address>
         <size>0x2</size>
         <input_file_ref idref="fl-cd"/>
      </object_component>
      <object_component id="oc-668">
         <name>.text:mem_init</name>
         <load_address>0x5630</load_address>
         <run_address>0x5630</run_address>
         <size>0x60</size>
         <input_file_ref idref="fl-9"/>
      </object_component>
      <object_component id="oc-2d7">
         <name>.text:tcp_fasttmr</name>
         <load_address>0x5690</load_address>
         <run_address>0x5690</run_address>
         <size>0x60</size>
         <input_file_ref idref="fl-9"/>
      </object_component>
      <object_component id="oc-596">
         <name>.text:tcp_pcb_remove</name>
         <load_address>0x56f0</load_address>
         <run_address>0x56f0</run_address>
         <size>0x60</size>
         <input_file_ref idref="fl-9"/>
      </object_component>
      <object_component id="oc-362">
         <name>.text:udp_bind</name>
         <load_address>0x5750</load_address>
         <run_address>0x5750</run_address>
         <size>0x60</size>
         <input_file_ref idref="fl-9"/>
      </object_component>
      <object_component id="oc-347">
         <name>.text:SysCtlPeripheralEnable</name>
         <load_address>0x57b0</load_address>
         <run_address>0x57b0</run_address>
         <size>0x58</size>
         <input_file_ref idref="fl-d8"/>
      </object_component>
      <object_component id="oc-1bb">
         <name>.text:LocatorInit</name>
         <load_address>0x5808</load_address>
         <run_address>0x5808</run_address>
         <size>0x54</size>
         <input_file_ref idref="fl-8"/>
      </object_component>
      <object_component id="oc-696">
         <name>.text:autoip_create_addr</name>
         <load_address>0x585c</load_address>
         <run_address>0x585c</run_address>
         <size>0x54</size>
         <input_file_ref idref="fl-9"/>
      </object_component>
      <object_component id="oc-1b5">
         <name>.text:lwIPInit</name>
         <load_address>0x58b0</load_address>
         <run_address>0x58b0</run_address>
         <size>0x54</size>
         <input_file_ref idref="fl-9"/>
      </object_component>
      <object_component id="oc-564">
         <name>.text:lwip_standard_chksum</name>
         <load_address>0x5904</load_address>
         <run_address>0x5904</run_address>
         <size>0x54</size>
         <input_file_ref idref="fl-9"/>
      </object_component>
      <object_component id="oc-8f">
         <name>.text</name>
         <load_address>0x5958</load_address>
         <run_address>0x5958</run_address>
         <size>0x54</size>
         <input_file_ref idref="fl-c9"/>
      </object_component>
      <object_component id="oc-6b9">
         <name>.text:ip_route</name>
         <load_address>0x59ac</load_address>
         <run_address>0x59ac</run_address>
         <size>0x50</size>
         <input_file_ref idref="fl-9"/>
      </object_component>
      <object_component id="oc-4eb">
         <name>.text:netif_add</name>
         <load_address>0x59fc</load_address>
         <run_address>0x59fc</run_address>
         <size>0x50</size>
         <input_file_ref idref="fl-9"/>
      </object_component>
      <object_component id="oc-6b2">
         <name>.text:stellarisif_output</name>
         <load_address>0x5a4c</load_address>
         <run_address>0x5a4c</run_address>
         <size>0x50</size>
         <input_file_ref idref="fl-9"/>
      </object_component>
      <object_component id="oc-69c">
         <name>.text:autoip_start_probing</name>
         <load_address>0x5a9c</load_address>
         <run_address>0x5a9c</run_address>
         <size>0x4e</size>
         <input_file_ref idref="fl-9"/>
      </object_component>
      <object_component id="oc-5a1">
         <name>.text:inet_chksum_pbuf</name>
         <load_address>0x5aea</load_address>
         <run_address>0x5aea</run_address>
         <size>0x4e</size>
         <input_file_ref idref="fl-9"/>
      </object_component>
      <object_component id="oc-136">
         <name>.text:pbuf_free</name>
         <load_address>0x5b38</load_address>
         <run_address>0x5b38</run_address>
         <size>0x4e</size>
         <input_file_ref idref="fl-9"/>
      </object_component>
      <object_component id="oc-7bb">
         <name>.text:tcp_rexmit_fast</name>
         <load_address>0x5b86</load_address>
         <run_address>0x5b86</run_address>
         <size>0x4e</size>
         <input_file_ref idref="fl-9"/>
      </object_component>
      <object_component id="oc-3d4">
         <name>.text:pbuf_realloc</name>
         <load_address>0x5bd4</load_address>
         <run_address>0x5bd4</run_address>
         <size>0x4c</size>
         <input_file_ref idref="fl-9"/>
      </object_component>
      <object_component id="oc-e1">
         <name>.text</name>
         <load_address>0x5c20</load_address>
         <run_address>0x5c20</run_address>
         <size>0x4c</size>
         <input_file_ref idref="fl-d5"/>
      </object_component>
      <object_component id="oc-51b">
         <name>.text:tcp_kill_prio</name>
         <load_address>0x5c6c</load_address>
         <run_address>0x5c6c</run_address>
         <size>0x4c</size>
         <input_file_ref idref="fl-9"/>
      </object_component>
      <object_component id="oc-683">
         <name>.text:udp_connect</name>
         <load_address>0x5cb8</load_address>
         <run_address>0x5cb8</run_address>
         <size>0x4c</size>
         <input_file_ref idref="fl-9"/>
      </object_component>
      <object_component id="oc-705">
         <name>.text:tcp_rexmit</name>
         <load_address>0x5d04</load_address>
         <run_address>0x5d04</run_address>
         <size>0x4a</size>
         <input_file_ref idref="fl-9"/>
      </object_component>
      <object_component id="oc-e7">
         <name>.text</name>
         <load_address>0x5d4e</load_address>
         <run_address>0x5d4e</run_address>
         <size>0x2</size>
         <input_file_ref idref="fl-d7"/>
      </object_component>
      <object_component id="oc-1a1">
         <name>.text:GPIOPinConfigure</name>
         <load_address>0x5d50</load_address>
         <run_address>0x5d50</run_address>
         <size>0x48</size>
         <input_file_ref idref="fl-da"/>
      </object_component>
      <object_component id="oc-331">
         <name>.text:UARTwrite</name>
         <load_address>0x5d98</load_address>
         <run_address>0x5d98</run_address>
         <size>0x48</size>
         <input_file_ref idref="fl-a"/>
      </object_component>
      <object_component id="oc-5ea">
         <name>.text:ip_output</name>
         <load_address>0x5de0</load_address>
         <run_address>0x5de0</run_address>
         <size>0x48</size>
         <input_file_ref idref="fl-9"/>
      </object_component>
      <object_component id="oc-79f">
         <name>.text:enqueue_packet</name>
         <load_address>0x5e28</load_address>
         <run_address>0x5e28</run_address>
         <size>0x46</size>
         <input_file_ref idref="fl-9"/>
      </object_component>
      <object_component id="oc-154">
         <name>.text:etharp_tmr</name>
         <load_address>0x5e70</load_address>
         <run_address>0x5e70</run_address>
         <size>0x44</size>
         <input_file_ref idref="fl-9"/>
      </object_component>
      <object_component id="oc-63d">
         <name>.text:dhcp_option_long</name>
         <load_address>0x5eb4</load_address>
         <run_address>0x5eb4</run_address>
         <size>0x42</size>
         <input_file_ref idref="fl-9"/>
      </object_component>
      <object_component id="oc-689">
         <name>.text:dhcp_stop</name>
         <load_address>0x5ef6</load_address>
         <run_address>0x5ef6</run_address>
         <size>0x42</size>
         <input_file_ref idref="fl-9"/>
      </object_component>
      <object_component id="oc-453">
         <name>.text:tcp_pcb_purge</name>
         <load_address>0x5f38</load_address>
         <run_address>0x5f38</run_address>
         <size>0x42</size>
         <input_file_ref idref="fl-9"/>
      </object_component>
      <object_component id="oc-316">
         <name>.text:LED_Off</name>
         <load_address>0x5f7c</load_address>
         <run_address>0x5f7c</run_address>
         <size>0x40</size>
         <input_file_ref idref="fl-5"/>
      </object_component>
      <object_component id="oc-6c9">
         <name>.text:LED_On</name>
         <load_address>0x5fbc</load_address>
         <run_address>0x5fbc</run_address>
         <size>0x40</size>
         <input_file_ref idref="fl-5"/>
      </object_component>
      <object_component id="oc-19b">
         <name>.text:MotorDir</name>
         <load_address>0x5ffc</load_address>
         <run_address>0x5ffc</run_address>
         <size>0x40</size>
         <input_file_ref idref="fl-6"/>
      </object_component>
      <object_component id="oc-24">
         <name>.text</name>
         <load_address>0x603c</load_address>
         <run_address>0x603c</run_address>
         <size>0x40</size>
         <input_file_ref idref="fl-c5"/>
      </object_component>
      <object_component id="oc-337">
         <name>.text</name>
         <load_address>0x607c</load_address>
         <run_address>0x607c</run_address>
         <size>0x40</size>
         <input_file_ref idref="fl-d1"/>
      </object_component>
      <object_component id="oc-166">
         <name>.text:dhcp_coarse_tmr</name>
         <load_address>0x60bc</load_address>
         <run_address>0x60bc</run_address>
         <size>0x3c</size>
         <input_file_ref idref="fl-9"/>
      </object_component>
      <object_component id="oc-2bc">
         <name>.text:memp_free</name>
         <load_address>0x60f8</load_address>
         <run_address>0x60f8</run_address>
         <size>0x3c</size>
         <input_file_ref idref="fl-9"/>
      </object_component>
      <object_component id="oc-4ff">
         <name>.text:stellarisif_init</name>
         <load_address>0x6134</load_address>
         <run_address>0x6134</run_address>
         <size>0x3c</size>
         <input_file_ref idref="fl-9"/>
      </object_component>
      <object_component id="oc-34b">
         <name>.text:EthernetMACAddrSet</name>
         <load_address>0x6170</load_address>
         <run_address>0x6170</run_address>
         <size>0x38</size>
         <input_file_ref idref="fl-db"/>
      </object_component>
      <object_component id="oc-1c7">
         <name>.text:LocatorAppTitleSet</name>
         <load_address>0x61a8</load_address>
         <run_address>0x61a8</run_address>
         <size>0x38</size>
         <input_file_ref idref="fl-8"/>
      </object_component>
      <object_component id="oc-2e7">
         <name>.text:autoip_bind</name>
         <load_address>0x61e0</load_address>
         <run_address>0x61e0</run_address>
         <size>0x38</size>
         <input_file_ref idref="fl-9"/>
      </object_component>
      <object_component id="oc-16c">
         <name>.text:dhcp_fine_tmr</name>
         <load_address>0x6218</load_address>
         <run_address>0x6218</run_address>
         <size>0x38</size>
         <input_file_ref idref="fl-9"/>
      </object_component>
      <object_component id="oc-55d">
         <name>.text:etharp_send_ip</name>
         <load_address>0x6250</load_address>
         <run_address>0x6250</run_address>
         <size>0x38</size>
         <input_file_ref idref="fl-9"/>
      </object_component>
      <object_component id="oc-515">
         <name>.text:tcp_kill_timewait</name>
         <load_address>0x6288</load_address>
         <run_address>0x6288</run_address>
         <size>0x38</size>
         <input_file_ref idref="fl-9"/>
      </object_component>
      <object_component id="oc-50c">
         <name>.text:udp_sendto</name>
         <load_address>0x62c0</load_address>
         <run_address>0x62c0</run_address>
         <size>0x38</size>
         <input_file_ref idref="fl-9"/>
      </object_component>
      <object_component id="oc-52a">
         <name>.text:tcp_recved</name>
         <load_address>0x62f8</load_address>
         <run_address>0x62f8</run_address>
         <size>0x36</size>
         <input_file_ref idref="fl-9"/>
      </object_component>
      <object_component id="oc-77b">
         <name>.text:EthernetMACAddrGet</name>
         <load_address>0x632e</load_address>
         <run_address>0x632e</run_address>
         <size>0x34</size>
         <input_file_ref idref="fl-db"/>
      </object_component>
      <object_component id="oc-6d5">
         <name>.text:MotorStop</name>
         <load_address>0x6364</load_address>
         <run_address>0x6364</run_address>
         <size>0x34</size>
         <input_file_ref idref="fl-6"/>
      </object_component>
      <object_component id="oc-2f3">
         <name>.text:autoip_arp_probe</name>
         <load_address>0x6398</load_address>
         <run_address>0x6398</run_address>
         <size>0x34</size>
         <input_file_ref idref="fl-9"/>
      </object_component>
      <object_component id="oc-766">
         <name>.text:dhcp_handle_nak</name>
         <load_address>0x63cc</load_address>
         <run_address>0x63cc</run_address>
         <size>0x34</size>
         <input_file_ref idref="fl-9"/>
      </object_component>
      <object_component id="oc-760">
         <name>.text:dhcp_handle_offer</name>
         <load_address>0x6400</load_address>
         <run_address>0x6400</run_address>
         <size>0x34</size>
         <input_file_ref idref="fl-9"/>
      </object_component>
      <object_component id="oc-3e0">
         <name>.text:ip_addr_isbroadcast</name>
         <load_address>0x6434</load_address>
         <run_address>0x6434</run_address>
         <size>0x34</size>
         <input_file_ref idref="fl-9"/>
      </object_component>
      <object_component id="oc-626">
         <name>.text:dhcp_option_trailer</name>
         <load_address>0x6468</load_address>
         <run_address>0x6468</run_address>
         <size>0x32</size>
         <input_file_ref idref="fl-9"/>
      </object_component>
      <object_component id="oc-6c2">
         <name>.text:tcp_update_rcv_ann_wnd</name>
         <load_address>0x649a</load_address>
         <run_address>0x649a</run_address>
         <size>0x32</size>
         <input_file_ref idref="fl-9"/>
      </object_component>
      <object_component id="oc-189">
         <name>.text:LEDsInit</name>
         <load_address>0x64cc</load_address>
         <run_address>0x64cc</run_address>
         <size>0x30</size>
         <input_file_ref idref="fl-5"/>
      </object_component>
      <object_component id="oc-1e8">
         <name>.text:echo_accept</name>
         <load_address>0x64fc</load_address>
         <run_address>0x64fc</run_address>
         <size>0x30</size>
         <input_file_ref idref="fl-3"/>
      </object_component>
      <object_component id="oc-536">
         <name>.text:tcp_write</name>
         <load_address>0x652c</load_address>
         <run_address>0x652c</run_address>
         <size>0x30</size>
         <input_file_ref idref="fl-9"/>
      </object_component>
      <object_component id="oc-67d">
         <name>.text:udp_remove</name>
         <load_address>0x655c</load_address>
         <run_address>0x655c</run_address>
         <size>0x30</size>
         <input_file_ref idref="fl-9"/>
      </object_component>
      <object_component id="oc-33e">
         <name>.text:GPIODirModeSet</name>
         <load_address>0x658c</load_address>
         <run_address>0x658c</run_address>
         <size>0x2e</size>
         <input_file_ref idref="fl-da"/>
      </object_component>
      <object_component id="oc-13c">
         <name>.text:dequeue_packet</name>
         <load_address>0x65ba</load_address>
         <run_address>0x65ba</run_address>
         <size>0x2e</size>
         <input_file_ref idref="fl-9"/>
      </object_component>
      <object_component id="oc-43b">
         <name>.text:tcp_rexmit_rto</name>
         <load_address>0x65e8</load_address>
         <run_address>0x65e8</run_address>
         <size>0x2e</size>
         <input_file_ref idref="fl-9"/>
      </object_component>
      <object_component id="oc-2ed">
         <name>.text:autoip_arp_announce</name>
         <load_address>0x6618</load_address>
         <run_address>0x6618</run_address>
         <size>0x2c</size>
         <input_file_ref idref="fl-9"/>
      </object_component>
      <object_component id="oc-602">
         <name>.text:etharp_request</name>
         <load_address>0x6644</load_address>
         <run_address>0x6644</run_address>
         <size>0x2c</size>
         <input_file_ref idref="fl-9"/>
      </object_component>
      <object_component id="oc-49">
         <name>.text:lwIPEthernetIntHandler</name>
         <load_address>0x6670</load_address>
         <run_address>0x6670</run_address>
         <size>0x2c</size>
         <input_file_ref idref="fl-9"/>
      </object_component>
      <object_component id="oc-78b">
         <name>.text:EthernetConfigSet</name>
         <load_address>0x669c</load_address>
         <run_address>0x669c</run_address>
         <size>0x2a</size>
         <input_file_ref idref="fl-db"/>
      </object_component>
      <object_component id="oc-7ab">
         <name>.text:pbuf_cat</name>
         <load_address>0x66c6</load_address>
         <run_address>0x66c6</run_address>
         <size>0x28</size>
         <input_file_ref idref="fl-9"/>
      </object_component>
      <object_component id="oc-7c1">
         <name>.text:tcp_seg_copy</name>
         <load_address>0x66ee</load_address>
         <run_address>0x66ee</run_address>
         <size>0x28</size>
         <input_file_ref idref="fl-9"/>
      </object_component>
      <object_component id="oc-4a7">
         <name>.text:dhcp_check</name>
         <load_address>0x6716</load_address>
         <run_address>0x6716</run_address>
         <size>0x26</size>
         <input_file_ref idref="fl-9"/>
      </object_component>
      <object_component id="oc-42e">
         <name>.text:tcp_recv_null</name>
         <load_address>0x673c</load_address>
         <run_address>0x673c</run_address>
         <size>0x26</size>
         <input_file_ref idref="fl-9"/>
      </object_component>
      <object_component id="oc-6cf">
         <name>.text:MotorRun</name>
         <load_address>0x6764</load_address>
         <run_address>0x6764</run_address>
         <size>0x24</size>
         <input_file_ref idref="fl-6"/>
      </object_component>
      <object_component id="oc-78f">
         <name>.text:EthernetEnable</name>
         <load_address>0x6788</load_address>
         <run_address>0x6788</run_address>
         <size>0x22</size>
         <input_file_ref idref="fl-db"/>
      </object_component>
      <object_component id="oc-542">
         <name>.text:close_conn</name>
         <load_address>0x67aa</load_address>
         <run_address>0x67aa</run_address>
         <size>0x22</size>
         <input_file_ref idref="fl-3"/>
      </object_component>
      <object_component id="oc-620">
         <name>.text:dhcp_option_short</name>
         <load_address>0x67cc</load_address>
         <run_address>0x67cc</run_address>
         <size>0x22</size>
         <input_file_ref idref="fl-9"/>
      </object_component>
      <object_component id="oc-291">
         <name>.text:etharp_ip_input</name>
         <load_address>0x67ee</load_address>
         <run_address>0x67ee</run_address>
         <size>0x22</size>
         <input_file_ref idref="fl-9"/>
      </object_component>
      <object_component id="oc-5b0">
         <name>.text</name>
         <load_address>0x6810</load_address>
         <run_address>0x6810</run_address>
         <size>0x22</size>
         <input_file_ref idref="fl-ca"/>
      </object_component>
      <object_component id="oc-1c1">
         <name>.text:LocatorMACAddrSet</name>
         <load_address>0x6834</load_address>
         <run_address>0x6834</run_address>
         <size>0x20</size>
         <input_file_ref idref="fl-8"/>
      </object_component>
      <object_component id="oc-5b6">
         <name>.text:autoip_handle_arp_conflict</name>
         <load_address>0x6854</load_address>
         <run_address>0x6854</run_address>
         <size>0x20</size>
         <input_file_ref idref="fl-9"/>
      </object_component>
      <object_component id="oc-772">
         <name>.text:dhcp_free_reply</name>
         <load_address>0x6874</load_address>
         <run_address>0x6874</run_address>
         <size>0x20</size>
         <input_file_ref idref="fl-9"/>
      </object_component>
      <object_component id="oc-614">
         <name>.text:dhcp_option</name>
         <load_address>0x6894</load_address>
         <run_address>0x6894</run_address>
         <size>0x20</size>
         <input_file_ref idref="fl-9"/>
      </object_component>
      <object_component id="oc-47b">
         <name>.text:netif_set_up</name>
         <load_address>0x68b4</load_address>
         <run_address>0x68b4</run_address>
         <size>0x20</size>
         <input_file_ref idref="fl-9"/>
      </object_component>
      <object_component id="oc-6f7">
         <name>.text:tcp_eff_send_mss</name>
         <load_address>0x68d4</load_address>
         <run_address>0x68d4</run_address>
         <size>0x20</size>
         <input_file_ref idref="fl-9"/>
      </object_component>
      <object_component id="oc-5dc">
         <name>.text:tcp_seg_free</name>
         <load_address>0x68f4</load_address>
         <run_address>0x68f4</run_address>
         <size>0x20</size>
         <input_file_ref idref="fl-9"/>
      </object_component>
      <object_component id="oc-15a">
         <name>.text:tcp_tmr</name>
         <load_address>0x6914</load_address>
         <run_address>0x6914</run_address>
         <size>0x20</size>
         <input_file_ref idref="fl-9"/>
      </object_component>
      <object_component id="oc-14a">
         <name>.text:EthernetPHYRead</name>
         <load_address>0x6934</load_address>
         <run_address>0x6934</run_address>
         <size>0x1e</size>
         <input_file_ref idref="fl-db"/>
      </object_component>
      <object_component id="oc-2cd">
         <name>.text:free_etharp_q</name>
         <load_address>0x6952</load_address>
         <run_address>0x6952</run_address>
         <size>0x1e</size>
         <input_file_ref idref="fl-9"/>
      </object_component>
      <object_component id="oc-7e5">
         <name>.text:dhcp_get_option_long</name>
         <load_address>0x6970</load_address>
         <run_address>0x6970</run_address>
         <size>0x1c</size>
         <input_file_ref idref="fl-9"/>
      </object_component>
      <object_component id="oc-9d">
         <name>.text:lwIPTimer</name>
         <load_address>0x698c</load_address>
         <run_address>0x698c</run_address>
         <size>0x1c</size>
         <input_file_ref idref="fl-9"/>
      </object_component>
      <object_component id="oc-675">
         <name>.text:netif_set_addr</name>
         <load_address>0x69a8</load_address>
         <run_address>0x69a8</run_address>
         <size>0x1c</size>
         <input_file_ref idref="fl-9"/>
      </object_component>
      <object_component id="oc-356">
         <name>.text:udp_new</name>
         <load_address>0x69c4</load_address>
         <run_address>0x69c4</run_address>
         <size>0x1c</size>
         <input_file_ref idref="fl-9"/>
      </object_component>
      <object_component id="oc-413">
         <name>.text:dhcp_arp_reply</name>
         <load_address>0x69e0</load_address>
         <run_address>0x69e0</run_address>
         <size>0x1a</size>
         <input_file_ref idref="fl-9"/>
      </object_component>
      <object_component id="oc-3e6">
         <name>.text:htonl</name>
         <load_address>0x69fa</load_address>
         <run_address>0x69fa</run_address>
         <size>0x1a</size>
         <input_file_ref idref="fl-9"/>
      </object_component>
      <object_component id="oc-44d">
         <name>.text:tcp_segs_free</name>
         <load_address>0x6a14</load_address>
         <run_address>0x6a14</run_address>
         <size>0x1a</size>
         <input_file_ref idref="fl-9"/>
      </object_component>
      <object_component id="oc-632">
         <name>.text:dhcp_delete_request</name>
         <load_address>0x6a2e</load_address>
         <run_address>0x6a2e</run_address>
         <size>0x18</size>
         <input_file_ref idref="fl-9"/>
      </object_component>
      <object_component id="oc-14e">
         <name>.text:lwIPHostTimerHandler</name>
         <load_address>0x6a48</load_address>
         <run_address>0x6a48</run_address>
         <size>0x18</size>
         <input_file_ref idref="fl-3"/>
      </object_component>
      <object_component id="oc-89">
         <name>.text</name>
         <load_address>0x6a60</load_address>
         <run_address>0x6a60</run_address>
         <size>0x18</size>
         <input_file_ref idref="fl-d3"/>
      </object_component>
      <object_component id="oc-521">
         <name>.text:tcp_next_iss</name>
         <load_address>0x6a78</load_address>
         <run_address>0x6a78</run_address>
         <size>0x18</size>
         <input_file_ref idref="fl-9"/>
      </object_component>
      <object_component id="oc-2fb">
         <name>.text:dhcp_t1_timeout</name>
         <load_address>0x6a90</load_address>
         <run_address>0x6a90</run_address>
         <size>0x16</size>
         <input_file_ref idref="fl-9"/>
      </object_component>
      <object_component id="oc-301">
         <name>.text:dhcp_t2_timeout</name>
         <load_address>0x6aa6</load_address>
         <run_address>0x6aa6</run_address>
         <size>0x16</size>
         <input_file_ref idref="fl-9"/>
      </object_component>
      <object_component id="oc-734">
         <name>.text:pbuf_ref</name>
         <load_address>0x6abc</load_address>
         <run_address>0x6abc</run_address>
         <size>0x16</size>
         <input_file_ref idref="fl-9"/>
      </object_component>
      <object_component id="oc-787">
         <name>.text:EthernetInitExpClk</name>
         <load_address>0x6ad4</load_address>
         <run_address>0x6ad4</run_address>
         <size>0x14</size>
         <input_file_ref idref="fl-db"/>
      </object_component>
      <object_component id="oc-1fa">
         <name>.text</name>
         <load_address>0x6ae8</load_address>
         <run_address>0x6ae8</run_address>
         <size>0x14</size>
         <input_file_ref idref="fl-d2"/>
      </object_component>
      <object_component id="oc-2b0">
         <name>.text:sys_arch_unprotect</name>
         <load_address>0x6afc</load_address>
         <run_address>0x6afc</run_address>
         <size>0x14</size>
         <input_file_ref idref="fl-9"/>
      </object_component>
      <object_component id="oc-715">
         <name>.text:tcp_send_ctrl</name>
         <load_address>0x6b10</load_address>
         <run_address>0x6b10</run_address>
         <size>0x14</size>
         <input_file_ref idref="fl-9"/>
      </object_component>
      <object_component id="oc-1b1">
         <name>.text:GPIOPinTypeEthernetLED</name>
         <load_address>0x6b24</load_address>
         <run_address>0x6b24</run_address>
         <size>0x12</size>
         <input_file_ref idref="fl-da"/>
      </object_component>
      <object_component id="oc-61a">
         <name>.text:dhcp_option_byte</name>
         <load_address>0x6b36</load_address>
         <run_address>0x6b36</run_address>
         <size>0x12</size>
         <input_file_ref idref="fl-9"/>
      </object_component>
      <object_component id="oc-652">
         <name>.text:netif_set_down</name>
         <load_address>0x6b48</load_address>
         <run_address>0x6b48</run_address>
         <size>0x12</size>
         <input_file_ref idref="fl-9"/>
      </object_component>
      <object_component id="oc-7b1">
         <name>.text:pbuf_clen</name>
         <load_address>0x6b5a</load_address>
         <run_address>0x6b5a</run_address>
         <size>0x12</size>
         <input_file_ref idref="fl-9"/>
      </object_component>
      <object_component id="oc-644">
         <name>.text:autoip_stop</name>
         <load_address>0x6b6c</load_address>
         <run_address>0x6b6c</run_address>
         <size>0x10</size>
         <input_file_ref idref="fl-9"/>
      </object_component>
      <object_component id="oc-3ce">
         <name>.text:inet_chksum</name>
         <load_address>0x6b7c</load_address>
         <run_address>0x6b7c</run_address>
         <size>0x10</size>
         <input_file_ref idref="fl-9"/>
      </object_component>
      <object_component id="oc-728">
         <name>.text:pbuf_chain</name>
         <load_address>0x6b8c</load_address>
         <run_address>0x6b8c</run_address>
         <size>0x10</size>
         <input_file_ref idref="fl-9"/>
      </object_component>
      <object_component id="oc-2aa">
         <name>.text:sys_arch_protect</name>
         <load_address>0x6b9c</load_address>
         <run_address>0x6b9c</run_address>
         <size>0x10</size>
         <input_file_ref idref="fl-9"/>
      </object_component>
      <object_component id="oc-12">
         <name>.text:decompress:none</name>
         <load_address>0x6bac</load_address>
         <run_address>0x6bac</run_address>
         <size>0xe</size>
         <input_file_ref idref="fl-c6"/>
      </object_component>
      <object_component id="oc-60c">
         <name>.text:dhcp_set_state</name>
         <load_address>0x6bba</load_address>
         <run_address>0x6bba</run_address>
         <size>0xe</size>
         <input_file_ref idref="fl-9"/>
      </object_component>
      <object_component id="oc-ad">
         <name>.text:EthernetIntStatus</name>
         <load_address>0x6bc8</load_address>
         <run_address>0x6bc8</run_address>
         <size>0xc</size>
         <input_file_ref idref="fl-db"/>
      </object_component>
      <object_component id="oc-28b">
         <name>.text:htons</name>
         <load_address>0x6bd4</load_address>
         <run_address>0x6bd4</run_address>
         <size>0xc</size>
         <input_file_ref idref="fl-9"/>
      </object_component>
      <object_component id="oc-2c6">
         <name>.text:lwIPLocalIPAddrGet</name>
         <load_address>0x6be0</load_address>
         <run_address>0x6be0</run_address>
         <size>0xc</size>
         <input_file_ref idref="fl-9"/>
      </object_component>
      <object_component id="oc-4e5">
         <name>.text:lwip_init</name>
         <load_address>0x6bec</load_address>
         <run_address>0x6bec</run_address>
         <size>0xc</size>
         <input_file_ref idref="fl-9"/>
      </object_component>
      <object_component id="oc-4ed">
         <name>.text:netif_set_default</name>
         <load_address>0x6bf8</load_address>
         <run_address>0x6bf8</run_address>
         <size>0xc</size>
         <input_file_ref idref="fl-9"/>
      </object_component>
      <object_component id="oc-475">
         <name>.text:netif_set_gw</name>
         <load_address>0x6c04</load_address>
         <run_address>0x6c04</run_address>
         <size>0xc</size>
         <input_file_ref idref="fl-9"/>
      </object_component>
      <object_component id="oc-46f">
         <name>.text:netif_set_netmask</name>
         <load_address>0x6c10</load_address>
         <run_address>0x6c10</run_address>
         <size>0xc</size>
         <input_file_ref idref="fl-9"/>
      </object_component>
      <object_component id="oc-77f">
         <name>.text:EthernetIntDisable</name>
         <load_address>0x6c1c</load_address>
         <run_address>0x6c1c</run_address>
         <size>0xa</size>
         <input_file_ref idref="fl-db"/>
      </object_component>
      <object_component id="oc-3da">
         <name>.text:netif_is_up</name>
         <load_address>0x6c26</load_address>
         <run_address>0x6c26</run_address>
         <size>0xa</size>
         <input_file_ref idref="fl-9"/>
      </object_component>
      <object_component id="oc-3a6">
         <name>.text:tcp_poll</name>
         <load_address>0x6c30</load_address>
         <run_address>0x6c30</run_address>
         <size>0xa</size>
         <input_file_ref idref="fl-9"/>
      </object_component>
      <object_component id="oc-797">
         <name>.text:EthernetIntEnable</name>
         <load_address>0x6c3a</load_address>
         <run_address>0x6c3a</run_address>
         <size>0x8</size>
         <input_file_ref idref="fl-db"/>
      </object_component>
      <object_component id="oc-1a5">
         <name>.text:UARTStdioInit</name>
         <load_address>0x6c42</load_address>
         <run_address>0x6c42</run_address>
         <size>0x8</size>
         <input_file_ref idref="fl-a"/>
      </object_component>
      <object_component id="oc-3f2">
         <name>.text:icmp_dest_unreach</name>
         <load_address>0x6c4a</load_address>
         <run_address>0x6c4a</run_address>
         <size>0x8</size>
         <input_file_ref idref="fl-9"/>
      </object_component>
      <object_component id="oc-2b">
         <name>.text:ResetISR</name>
         <load_address>0x6c52</load_address>
         <run_address>0x6c52</run_address>
         <size>0x6</size>
         <input_file_ref idref="fl-4"/>
      </object_component>
      <object_component id="oc-18">
         <name>.text:decompress:rle24</name>
         <load_address>0x6c58</load_address>
         <run_address>0x6c58</run_address>
         <size>0x6</size>
         <input_file_ref idref="fl-c7"/>
      </object_component>
      <object_component id="oc-38a">
         <name>.text:tcp_accept_null</name>
         <load_address>0x6c5e</load_address>
         <run_address>0x6c5e</run_address>
         <size>0x6</size>
         <input_file_ref idref="fl-9"/>
      </object_component>
      <object_component id="oc-3a0">
         <name>.text:tcp_err</name>
         <load_address>0x6c64</load_address>
         <run_address>0x6c64</run_address>
         <size>0x6</size>
         <input_file_ref idref="fl-9"/>
      </object_component>
      <object_component id="oc-1cd">
         <name>.text:tcp_new</name>
         <load_address>0x6c6a</load_address>
         <run_address>0x6c6a</run_address>
         <size>0x6</size>
         <input_file_ref idref="fl-9"/>
      </object_component>
      <object_component id="oc-39a">
         <name>.text:tcp_recv</name>
         <load_address>0x6c70</load_address>
         <run_address>0x6c70</run_address>
         <size>0x6</size>
         <input_file_ref idref="fl-9"/>
      </object_component>
      <object_component id="oc-53c">
         <name>.text:tcp_sent</name>
         <load_address>0x6c76</load_address>
         <run_address>0x6c76</run_address>
         <size>0x6</size>
         <input_file_ref idref="fl-9"/>
      </object_component>
      <object_component id="oc-35c">
         <name>.text:udp_recv</name>
         <load_address>0x6c7c</load_address>
         <run_address>0x6c7c</run_address>
         <size>0x6</size>
         <input_file_ref idref="fl-9"/>
      </object_component>
      <object_component id="oc-b1">
         <name>.text:EthernetIntClear</name>
         <load_address>0x6c82</load_address>
         <run_address>0x6c82</run_address>
         <size>0x4</size>
         <input_file_ref idref="fl-db"/>
      </object_component>
      <object_component id="oc-75a">
         <name>.text:dhcp_get_option_byte</name>
         <load_address>0x6c86</load_address>
         <run_address>0x6c86</run_address>
         <size>0x4</size>
         <input_file_ref idref="fl-9"/>
      </object_component>
      <object_component id="oc-7d">
         <name>.text</name>
         <load_address>0x6c8a</load_address>
         <run_address>0x6c8a</run_address>
         <size>0x4</size>
         <input_file_ref idref="fl-ce"/>
      </object_component>
      <object_component id="oc-1df">
         <name>.text:tcp_accept</name>
         <load_address>0x6c8e</load_address>
         <run_address>0x6c8e</run_address>
         <size>0x4</size>
         <input_file_ref idref="fl-9"/>
      </object_component>
      <object_component id="oc-6e4">
         <name>.text:tcp_arg</name>
         <load_address>0x6c92</load_address>
         <run_address>0x6c92</run_address>
         <size>0x4</size>
         <input_file_ref idref="fl-9"/>
      </object_component>
      <object_component id="oc-394">
         <name>.text:tcp_setprio</name>
         <load_address>0x6c96</load_address>
         <run_address>0x6c96</run_address>
         <size>0x4</size>
         <input_file_ref idref="fl-9"/>
      </object_component>
      <object_component id="oc-326">
         <name>.const:g_pulGPIOBaseAddrs</name>
         <load_address>0x6c9c</load_address>
         <run_address>0x6c9c</run_address>
         <size>0x78</size>
         <input_file_ref idref="fl-da"/>
      </object_component>
      <object_component id="oc-7f7">
         <name>.const</name>
         <load_address>0x6d14</load_address>
         <run_address>0x6d14</run_address>
         <size>0x70</size>
         <input_file_ref idref="fl-d9"/>
      </object_component>
      <object_component id="oc-7f1">
         <name>.const:g_pulXtals</name>
         <load_address>0x6d84</load_address>
         <run_address>0x6d84</run_address>
         <size>0x6c</size>
         <input_file_ref idref="fl-d8"/>
      </object_component>
      <object_component id="oc-4e0">
         <name>.const</name>
         <load_address>0x6df0</load_address>
         <run_address>0x6df0</run_address>
         <size>0x40</size>
         <input_file_ref idref="fl-d8"/>
      </object_component>
      <object_component id="oc-740">
         <name>.const:memp_num</name>
         <load_address>0x6e30</load_address>
         <run_address>0x6e30</run_address>
         <size>0x10</size>
         <input_file_ref idref="fl-9"/>
      </object_component>
      <object_component id="oc-746">
         <name>.const:memp_sizes</name>
         <load_address>0x6e40</load_address>
         <run_address>0x6e40</run_address>
         <size>0x10</size>
         <input_file_ref idref="fl-9"/>
      </object_component>
      <object_component id="oc-460">
         <name>.const:.string:tcp_backoff</name>
         <load_address>0x6e50</load_address>
         <run_address>0x6e50</run_address>
         <size>0xd</size>
         <input_file_ref idref="fl-9"/>
      </object_component>
      <object_component id="oc-4ca">
         <name>.const:g_ulUARTBase</name>
         <load_address>0x6e60</load_address>
         <run_address>0x6e60</run_address>
         <size>0xc</size>
         <input_file_ref idref="fl-a"/>
      </object_component>
      <object_component id="oc-4c7">
         <name>.const:g_ulUARTPeriph</name>
         <load_address>0x6e6c</load_address>
         <run_address>0x6e6c</run_address>
         <size>0xc</size>
         <input_file_ref idref="fl-a"/>
      </object_component>
      <object_component id="oc-463">
         <name>.const:.string:tcp_persist_backoff</name>
         <load_address>0x6e78</load_address>
         <run_address>0x6e78</run_address>
         <size>0x7</size>
         <input_file_ref idref="fl-9"/>
      </object_component>
      <object_component id="oc-419">
         <name>.const:ethbroadcast</name>
         <load_address>0x6e7f</load_address>
         <run_address>0x6e7f</run_address>
         <size>0x6</size>
         <input_file_ref idref="fl-9"/>
      </object_component>
      <object_component id="oc-488">
         <name>.const:ethzero</name>
         <load_address>0x6e85</load_address>
         <run_address>0x6e85</run_address>
         <size>0x6</size>
         <input_file_ref idref="fl-9"/>
      </object_component>
      <object_component id="oc-1e5">
         <name>.const:ip_addr_any</name>
         <load_address>0x6e8b</load_address>
         <run_address>0x6e8b</run_address>
         <size>0x4</size>
         <input_file_ref idref="fl-9"/>
      </object_component>
      <object_component id="oc-639">
         <name>.const:ip_addr_broadcast</name>
         <load_address>0x6e8f</load_address>
         <run_address>0x6e8f</run_address>
         <size>0x4</size>
         <input_file_ref idref="fl-9"/>
      </object_component>
      <object_component id="oc-82b">
         <name>.cinit..data.load</name>
         <load_address>0x6e98</load_address>
         <run_address>0x6e98</run_address>
         <size>0x29</size>
      </object_component>
      <object_component id="oc-82c">
         <name>.cinit..bss.load</name>
         <load_address>0x6ec8</load_address>
         <run_address>0x6ec8</run_address>
         <size>0xb</size>
      </object_component>
      <object_component id="oc-829">
         <name>__TI_handler_table</name>
         <load_address>0x6ed4</load_address>
         <run_address>0x6ed4</run_address>
         <size>0x8</size>
      </object_component>
      <object_component id="oc-82a">
         <name>__TI_cinit_table</name>
         <load_address>0x6edc</load_address>
         <run_address>0x6edc</run_address>
         <size>0x10</size>
      </object_component>
      <object_component id="oc-a9">
         <name>.data</name>
         <load_address>0x20008cf4</load_address>
         <run_address>0x20008cf4</run_address>
         <size>0x14</size>
         <input_file_ref idref="fl-3"/>
      </object_component>
      <object_component id="oc-102">
         <name>.data</name>
         <load_address>0x20008cc0</load_address>
         <run_address>0x20008cc0</run_address>
         <size>0x32</size>
         <input_file_ref idref="fl-9"/>
      </object_component>
      <object_component id="oc-4cd">
         <name>.data</name>
         <load_address>0x20008d1c</load_address>
         <run_address>0x20008d1c</run_address>
         <size>0x5</size>
         <input_file_ref idref="fl-a"/>
      </object_component>
      <object_component id="oc-f7">
         <name>.data:$O1$$</name>
         <load_address>0x20008d08</load_address>
         <run_address>0x20008d08</run_address>
         <size>0xc</size>
         <input_file_ref idref="fl-c9"/>
      </object_component>
      <object_component id="oc-95">
         <name>.data</name>
         <load_address>0x20008d24</load_address>
         <run_address>0x20008d24</run_address>
         <size>0x4</size>
         <input_file_ref idref="fl-cf"/>
      </object_component>
      <object_component id="oc-fa">
         <name>.data:$O1$$</name>
         <load_address>0x20008d14</load_address>
         <run_address>0x20008d14</run_address>
         <size>0x8</size>
         <input_file_ref idref="fl-d2"/>
      </object_component>
      <object_component id="oc-368">
         <name>.bss:g_pucLocatorData</name>
         <uninitialized>true</uninitialized>
         <run_address>0x2000878c</run_address>
         <size>0x54</size>
         <input_file_ref idref="fl-8"/>
      </object_component>
      <object_component id="oc-73c">
         <name>.bss:ram_heap</name>
         <uninitialized>true</uninitialized>
         <run_address>0x20000000</run_address>
         <size>0x5814</size>
         <input_file_ref idref="fl-9"/>
      </object_component>
      <object_component id="oc-2e3">
         <name>.bss</name>
         <uninitialized>true</uninitialized>
         <run_address>0x200087e0</run_address>
         <size>0x44</size>
         <input_file_ref idref="fl-9"/>
      </object_component>
      <object_component id="oc-426">
         <name>.bss:memp_tab</name>
         <uninitialized>true</uninitialized>
         <run_address>0x2000885c</run_address>
         <size>0x20</size>
         <input_file_ref idref="fl-9"/>
      </object_component>
      <object_component id="oc-743">
         <name>.bss:memp_memory</name>
         <uninitialized>true</uninitialized>
         <run_address>0x20005814</run_address>
         <size>0x2964</size>
         <input_file_ref idref="fl-9"/>
      </object_component>
      <object_component id="oc-59c">
         <name>.bss:inseg</name>
         <uninitialized>true</uninitialized>
         <run_address>0x2000887c</run_address>
         <size>0x14</size>
         <input_file_ref idref="fl-9"/>
      </object_component>
      <object_component id="oc-2d3">
         <name>.bss:arp_table</name>
         <uninitialized>true</uninitialized>
         <run_address>0x20008664</run_address>
         <size>0xc8</size>
         <input_file_ref idref="fl-9"/>
      </object_component>
      <object_component id="oc-6a9">
         <name>.bss:stellarisif_data</name>
         <uninitialized>true</uninitialized>
         <run_address>0x2000872c</run_address>
         <size>0x60</size>
         <input_file_ref idref="fl-9"/>
      </object_component>
      <object_component id="oc-c1">
         <name>.bss:g_sNetIF</name>
         <uninitialized>true</uninitialized>
         <run_address>0x20008824</run_address>
         <size>0x38</size>
         <input_file_ref idref="fl-9"/>
      </object_component>
      <object_component id="oc-548">
         <name>.common:dataBuffer</name>
         <uninitialized>true</uninitialized>
         <run_address>0x20008178</run_address>
         <size>0x400</size>
      </object_component>
      <object_component id="oc-2f9">
         <name>.common:netif_list</name>
         <uninitialized>true</uninitialized>
         <run_address>0x2000889c</run_address>
         <size>0x4</size>
      </object_component>
      <object_component id="oc-67b">
         <name>.common:netif_default</name>
         <uninitialized>true</uninitialized>
         <run_address>0x20008898</run_address>
         <size>0x4</size>
      </object_component>
      <object_component id="oc-148">
         <name>.common:lwip_stats</name>
         <uninitialized>true</uninitialized>
         <run_address>0x20008578</run_address>
         <size>0xea</size>
      </object_component>
[...]
      </symbol>
      <symbol id="sm-d43">
         <name>tcp_send_empty_ack</name>
         <value>0x4fd7</value>
         <object_component_ref idref="oc-5d0"/>
      </symbol>
      <symbol id="sm-d44">
         <name>ip_output_if</name>
         <value>0x33f5</value>
         <object_component_ref idref="oc-5ad"/>
      </symbol>
      <symbol id="sm-d45">
         <name>pbuf_cat</name>
         <value>0x66c7</value>
         <object_component_ref idref="oc-7ab"/>
      </symbol>
      <symbol id="sm-d46">
         <name>dhcp_stop</name>
         <value>0x5ef7</value>
         <object_component_ref idref="oc-689"/>
      </symbol>
      <symbol id="sm-d47">
         <name>mem_realloc</name>
         <value>0x2ead</value>
         <object_component_ref idref="oc-56b"/>
      </symbol>
      <symbol id="sm-d48">
         <name>udp_sendto</name>
         <value>0x62c1</value>
         <object_component_ref idref="oc-50c"/>
      </symbol>
      <symbol id="sm-d49">
         <name>memp_malloc</name>
         <value>0x53d9</value>
         <object_component_ref idref="oc-383"/>
      </symbol>
      <symbol id="sm-d4a">
         <name>autoip_start</name>
         <value>0x5375</value>
         <object_component_ref idref="oc-4f9"/>
      </symbol>
      <symbol id="sm-d4b">
         <name>ip_addr_any</name>
         <value>0x6e8b</value>
         <object_component_ref idref="oc-1e5"/>
      </symbol>
      <symbol id="sm-d4c">
         <name>ip_input</name>
         <value>0x1a71</value>
         <object_component_ref idref="oc-29d"/>
      </symbol>
      <symbol id="sm-d4d">
         <name>ip_addr_broadcast</name>
         <value>0x6e8f</value>
         <object_component_ref idref="oc-639"/>
      </symbol>
      <symbol id="sm-d4e">
         <name>tcp_input</name>
         <value>0xc09</value>
         <object_component_ref idref="oc-3fe"/>
      </symbol>
      <symbol id="sm-d4f">
         <name>netif_set_down</name>
         <value>0x6b49</value>
         <object_component_ref idref="oc-652"/>
      </symbol>
      <symbol id="sm-d50">
         <name>netif_set_addr</name>
         <value>0x69a9</value>
         <object_component_ref idref="oc-675"/>
      </symbol>
      <symbol id="sm-d51">
         <name>udp_input</name>
         <value>0x1c79</value>
         <object_component_ref idref="oc-3f8"/>
      </symbol>
      <symbol id="sm-d52">
         <name>lwIPInit</name>
         <value>0x58b1</value>
         <object_component_ref idref="oc-1b5"/>
      </symbol>
      <symbol id="sm-d53">
         <name>raw_input</name>
         <value>0x51e1</value>
         <object_component_ref idref="oc-3ec"/>
      </symbol>
      <symbol id="sm-d54">
         <name>tcp_poll</name>
         <value>0x6c31</value>
         <object_component_ref idref="oc-3a6"/>
      </symbol>
      <symbol id="sm-d55">
         <name>udp_new</name>
         <value>0x69c5</value>
         <object_component_ref idref="oc-356"/>
      </symbol>
      <symbol id="sm-d56">
         <name>udp_recv</name>
         <value>0x6c7d</value>
         <object_component_ref idref="oc-35c"/>
      </symbol>
      <symbol id="sm-d57">
         <name>tcp_next_iss</name>
         <value>0x6a79</value>
         <object_component_ref idref="oc-521"/>
      </symbol>
      <symbol id="sm-d58">
         <name>tcp_zero_window_probe</name>
         <value>0x3f05</value>
         <object_component_ref idref="oc-441"/>
      </symbol>
      <symbol id="sm-d59">
         <name>pbuf_copy_partial</name>
         <value>0x5179</value>
         <object_component_ref idref="oc-7dc"/>
      </symbol>
      <symbol id="sm-d5a">
         <name>pbuf_alloc</name>
         <value>0x2a5d</value>
         <object_component_ref idref="oc-284"/>
      </symbol>
      <symbol id="sm-d5b">
         <name>icmp_input</name>
         <value>0x1e69</value>
         <object_component_ref idref="oc-404"/>
      </symbol>
      <symbol id="sm-d5c">
         <name>netif_set_gw</name>
         <value>0x6c05</value>
         <object_component_ref idref="oc-475"/>
      </symbol>
      <symbol id="sm-d5d">
         <name>inet_chksum_pbuf</name>
         <value>0x5aeb</value>
         <object_component_ref idref="oc-5a1"/>
      </symbol>
      <symbol id="sm-d5e">
         <name>ip_output</name>
         <value>0x5de1</value>
         <object_component_ref idref="oc-5ea"/>
      </symbol>
      <symbol id="sm-d5f">
         <name>pbuf_copy</name>
         <value>0x4675</value>
         <object_component_ref idref="oc-5a7"/>
      </symbol>
      <symbol id="sm-d60">
         <name>tcp_segs_free</name>
         <value>0x6a15</value>
         <object_component_ref idref="oc-44d"/>
      </symbol>
      <symbol id="sm-d61">
         <name>tcp_close</name>
         <value>0x3ce5</value>
         <object_component_ref idref="oc-5c9"/>
      </symbol>
      <symbol id="sm-d62">
         <name>ethzero</name>
         <value>0x6e85</value>
         <object_component_ref idref="oc-488"/>
      </symbol>
      <symbol id="sm-d63">
         <name>lwIPTimer</name>
         <value>0x698d</value>
         <object_component_ref idref="oc-9d"/>
      </symbol>
      <symbol id="sm-d64">
         <name>etharp_arp_input</name>
         <value>0x26a5</value>
         <object_component_ref idref="oc-2a3"/>
      </symbol>
      <symbol id="sm-d65">
         <name>tcp_update_rcv_ann_wnd</name>
         <value>0x649b</value>
         <object_component_ref idref="oc-6c2"/>
      </symbol>
      <symbol id="sm-d66">
         <name>tcp_new</name>
         <value>0x6c6b</value>
         <object_component_ref idref="oc-1cd"/>
      </symbol>
      <symbol id="sm-d67">
         <name>ethbroadcast</name>
         <value>0x6e7f</value>
         <object_component_ref idref="oc-419"/>
      </symbol>
      <symbol id="sm-d68">
         <name>lwip_init</name>
         <value>0x6bed</value>
         <object_component_ref idref="oc-4e5"/>
      </symbol>
      <symbol id="sm-d69">
         <name>inet_chksum_pseudo</name>
         <value>0x42e5</value>
         <object_component_ref idref="oc-57d"/>
      </symbol>
      <symbol id="sm-d6a">
         <name>lwIPEthernetIntHandler</name>
         <value>0x6671</value>
         <object_component_ref idref="oc-49"/>
      </symbol>
      <symbol id="sm-d6b">
         <name>tcp_sent</name>
         <value>0x6c77</value>
         <object_component_ref idref="oc-53c"/>
      </symbol>
      <symbol id="sm-d6c">
         <name>tcp_tmr</name>
         <value>0x6915</value>
         <object_component_ref idref="oc-15a"/>
      </symbol>
      <symbol id="sm-d6d">
         <name>autoip_tmr</name>
         <value>0x34cd</value>
         <object_component_ref idref="oc-160"/>
      </symbol>
      <symbol id="sm-d6e">
         <name>tcp_eff_send_mss</name>
         <value>0x68d5</value>
         <object_component_ref idref="oc-6f7"/>
      </symbol>
      <symbol id="sm-d6f">
         <name>tcp_enqueue</name>
         <value>0xfb5</value>
         <object_component_ref idref="oc-6dc"/>
      </symbol>
      <symbol id="sm-d70">
         <name>ntohs</name>
         <value>0x6bd5</value>
         <object_component_ref idref="oc-28b"/>
      </symbol>
      <symbol id="sm-d71">
         <name>ntohl</name>
         <value>0x69fb</value>
         <object_component_ref idref="oc-3e6"/>
      </symbol>
      <symbol id="sm-d72">
         <name>tcp_listen_with_backlog</name>
         <value>0x454d</value>
         <object_component_ref idref="oc-1d9"/>
      </symbol>
      <symbol id="sm-d73">
         <name>udp_remove</name>
         <value>0x655d</value>
         <object_component_ref idref="oc-67d"/>
      </symbol>
      <symbol id="sm-d74">
         <name>udp_connect</name>
         <value>0x5cb9</value>
         <object_component_ref idref="oc-683"/>
      </symbol>
      <symbol id="sm-d75">
         <name>stellarisif_interrupt</name>
         <value>0x4ce1</value>
         <object_component_ref idref="oc-b5"/>
      </symbol>
      <symbol id="sm-d76">
         <name>dhcp_arp_reply</name>
         <value>0x69e1</value>
         <object_component_ref idref="oc-413"/>
      </symbol>
      <symbol id="sm-d77">
         <name>netif_add</name>
         <value>0x59fd</value>
         <object_component_ref idref="oc-4eb"/>
      </symbol>
      <symbol id="sm-d78">
         <name>tcp_seg_copy</name>
         <value>0x66ef</value>
         <object_component_ref idref="oc-7c1"/>
      </symbol>
      <symbol id="sm-d79">
         <name>netif_set_default</name>
         <value>0x6bf9</value>
         <object_component_ref idref="oc-4ed"/>
      </symbol>
      <symbol id="sm-d7a">
         <name>tcp_accept</name>
         <value>0x6c8f</value>
         <object_component_ref idref="oc-1df"/>
      </symbol>
      <symbol id="sm-d7b">
         <name>stellarisif_init</name>
         <value>0x6135</value>
         <object_component_ref idref="oc-4ff"/>
      </symbol>
      <symbol id="sm-d7c">
         <name>ip_route</name>
         <value>0x59ad</value>
         <object_component_ref idref="oc-6b9"/>
      </symbol>
      <symbol id="sm-d7d">
         <name>tcp_pcb_remove</name>
         <value>0x56f1</value>
         <object_component_ref idref="oc-596"/>
      </symbol>
      <symbol id="sm-d7e">
         <name>etharp_tmr</name>
         <value>0x5e71</value>
         <object_component_ref idref="oc-154"/>
      </symbol>
      <symbol id="sm-d7f">
         <name>dhcp_renew</name>
         <value>0x4815</value>
         <object_component_ref idref="oc-48d"/>
      </symbol>
      <symbol id="sm-d80">
         <name>tcp_setprio</name>
         <value>0x6c97</value>
         <object_component_ref idref="oc-394"/>
      </symbol>
      <symbol id="sm-def">
         <name>UARTStdioInit</name>
         <value>0x6c43</value>
         <object_component_ref idref="oc-1a5"/>
      </symbol>
      <symbol id="sm-df0">
         <name>UARTStdioInitExpClk</name>
         <value>0x5311</value>
         <object_component_ref idref="oc-32a"/>
      </symbol>
      <symbol id="sm-df1">
         <name>UARTwrite</name>
         <value>0x5d99</value>
         <object_component_ref idref="oc-331"/>
      </symbol>
      <symbol id="sm-df2">
         <name>UARTprintf</name>
         <value>0x1859</value>
         <object_component_ref idref="oc-1ab"/>
      </symbol>
      <symbol id="sm-e02">
         <name>_c_int00</name>
         <value>0x603d</value>
         <object_component_ref idref="oc-24"/>
      </symbol>
      <symbol id="sm-e03">
         <name>__stack</name>
         <value>0x200088c0</value>
         <object_component_ref idref="oc-2a"/>
      </symbol>
      <symbol id="sm-e1a">
         <name>__TI_decompress_none</name>
         <value>0x6bad</value>
         <object_component_ref idref="oc-12"/>
      </symbol>
      <symbol id="sm-e3d">
         <name>__TI_decompress_rle24</name>
         <value>0x6c59</value>
         <object_component_ref idref="oc-18"/>
      </symbol>
      <symbol id="sm-e5f">
         <name>C$$EXIT</name>
         <value>0x5959</value>
         <object_component_ref idref="oc-8f"/>
      </symbol>
      <symbol id="sm-e60">
         <name>abort</name>
         <value>0x595d</value>
         <object_component_ref idref="oc-8f"/>
      </symbol>
      <symbol id="sm-e61">
         <name>exit</name>
         <value>0x5965</value>
         <object_component_ref idref="oc-8f"/>
      </symbol>
      <symbol id="sm-e62">
         <name>__TI_dtors_ptr</name>
         <value>0x20008d0c</value>
         <object_component_ref idref="oc-f7"/>
      </symbol>
      <symbol id="sm-e63">
         <name>__TI_cleanup_ptr</name>
         <value>0x20008d08</value>
         <object_component_ref idref="oc-f7"/>
      </symbol>
      <symbol id="sm-e64">
         <name>__TI_enable_exit_profile_output</name>
         <value>0x20008d10</value>
         <object_component_ref idref="oc-f7"/>
      </symbol>
      <symbol id="sm-e74">
         <name>memcmp</name>
         <value>0x6811</value>
         <object_component_ref idref="oc-5b0"/>
      </symbol>
      <symbol id="sm-e8f">
         <name>memcpy</name>
         <value>0x4383</value>
         <object_component_ref idref="oc-52"/>
      </symbol>
      <symbol id="sm-e90">
         <name>__aeabi_memcpy</name>
         <value>0x4383</value>
         <object_component_ref idref="oc-52"/>
      </symbol>
      <symbol id="sm-e91">
         <name>__aeabi_memcpy8</name>
         <value>0x4383</value>
         <object_component_ref idref="oc-52"/>
      </symbol>
      <symbol id="sm-e92">
         <name>__aeabi_memcpy4</name>
         <value>0x4383</value>
         <object_component_ref idref="oc-52"/>
      </symbol>
      <symbol id="sm-ea1">
         <name>__aeabi_memset</name>
         <value>0x4a99</value>
         <object_component_ref idref="oc-6b"/>
      </symbol>
      <symbol id="sm-ea2">
         <name>memset</name>
         <value>0x4a9f</value>
         <object_component_ref idref="oc-6b"/>
      </symbol>
      <symbol id="sm-ea3">
         <name>__aeabi_memset8</name>
         <value>0x4a99</value>
         <object_component_ref idref="oc-6b"/>
      </symbol>
      <symbol id="sm-ea4">
         <name>__aeabi_memset4</name>
         <value>0x4a99</value>
         <object_component_ref idref="oc-6b"/>
      </symbol>
      <symbol id="sm-ea5">
         <name>__aeabi_memclr8</name>
         <value>0x4a97</value>
         <object_component_ref idref="oc-6b"/>
      </symbol>
      <symbol id="sm-ea6">
         <name>__aeabi_memclr4</name>
         <value>0x4a97</value>
         <object_component_ref idref="oc-6b"/>
      </symbol>
      <symbol id="sm-ea7">
         <name>__aeabi_memclr</name>
         <value>0x4a97</value>
         <object_component_ref idref="oc-6b"/>
      </symbol>
      <symbol id="sm-eb1">
         <name>__mpu_init</name>
         <value>0x562f</value>
         <object_component_ref idref="oc-77"/>
      </symbol>
      <symbol id="sm-ebb">
         <name>_system_pre_init</name>
         <value>0x6c8b</value>
         <object_component_ref idref="oc-7d"/>
      </symbol>
      <symbol id="sm-ec3">
         <name>main_func_sp</name>
         <value>0x20008d24</value>
         <object_component_ref idref="oc-95"/>
      </symbol>
      <symbol id="sm-ed3">
         <name>__aeabi_uidivmod</name>
         <value>0x607d</value>
         <object_component_ref idref="oc-337"/>
      </symbol>
      <symbol id="sm-ed4">
         <name>__aeabi_uidiv</name>
         <value>0x607d</value>
         <object_component_ref idref="oc-337"/>
      </symbol>
      <symbol id="sm-eed">
         <name>_nop</name>
         <value>0x6af7</value>
         <object_component_ref idref="oc-1fa"/>
      </symbol>
      <symbol id="sm-eee">
         <name>_lock</name>
         <value>0x20008d14</value>
         <object_component_ref idref="oc-fa"/>
      </symbol>
      <symbol id="sm-eef">
         <name>_unlock</name>
         <value>0x20008d18</value>
         <object_component_ref idref="oc-fa"/>
      </symbol>
      <symbol id="sm-ef0">
         <name>_register_lock</name>
         <value>0x6aef</value>
         <object_component_ref idref="oc-1fa"/>
      </symbol>
      <symbol id="sm-ef1">
         <name>_register_unlock</name>
         <value>0x6ae9</value>
         <object_component_ref idref="oc-1fa"/>
      </symbol>
      <symbol id="sm-f05">
         <name>_args_main</name>
         <value>0x6a61</value>
         <object_component_ref idref="oc-89"/>
      </symbol>
      <symbol id="sm-f2a">
         <name>__TI_auto_init</name>
         <value>0x4c71</value>
         <object_component_ref idref="oc-83"/>
      </symbol>
      <symbol id="sm-f44">
         <name>copy_in</name>
         <value>0x5c21</value>
         <object_component_ref idref="oc-e1"/>
      </symbol>
      <symbol id="sm-f4e">
         <name>__aeabi_idiv0</name>
         <value>0x4703</value>
         <object_component_ref idref="oc-4d5"/>
      </symbol>
      <symbol id="sm-f58">
         <name>_system_post_cinit</name>
         <value>0x5d4f</value>
         <object_component_ref idref="oc-e7"/>
      </symbol>
      <symbol id="sm-fae">
         <name>SysCtlPeripheralEnable</name>
         <value>0x57b1</value>
         <object_component_ref idref="oc-347"/>
      </symbol>
      <symbol id="sm-faf">
         <name>SysCtlClockGet</name>
         <value>0x2399</value>
         <object_component_ref idref="oc-783"/>
      </symbol>
      <symbol id="sm-fd1">
         <name>IntEnable</name>
         <value>0x5249</value>
         <object_component_ref idref="oc-793"/>
      </symbol>
      <symbol id="sm-100f">
         <name>GPIOPinConfigure</name>
         <value>0x5d51</value>
         <object_component_ref idref="oc-1a1"/>
      </symbol>
      <symbol id="sm-1010">
         <name>GPIODirModeSet</name>
         <value>0x658d</value>
         <object_component_ref idref="oc-33e"/>
      </symbol>
      <symbol id="sm-1011">
         <name>GPIOPadConfigSet</name>
         <value>0x3c1d</value>
         <object_component_ref idref="oc-342"/>
      </symbol>
      <symbol id="sm-1012">
         <name>GPIOPinTypeEthernetLED</name>
         <value>0x6b25</value>
         <object_component_ref idref="oc-1b1"/>
      </symbol>
      <symbol id="sm-105c">
         <name>EthernetConfigSet</name>
         <value>0x669d</value>
         <object_component_ref idref="oc-78b"/>
      </symbol>
      <symbol id="sm-105d">
         <name>EthernetIntDisable</name>
         <value>0x6c1d</value>
         <object_component_ref idref="oc-77f"/>
      </symbol>
      <symbol id="sm-105e">
         <name>EthernetInitExpClk</name>
         <value>0x6ad5</value>
         <object_component_ref idref="oc-787"/>
      </symbol>
      <symbol id="sm-105f">
         <name>EthernetEnable</name>
         <value>0x6789</value>
         <object_component_ref idref="oc-78f"/>
      </symbol>
      <symbol id="sm-1060">
         <name>EthernetIntEnable</name>
         <value>0x6c3b</value>
         <object_component_ref idref="oc-797"/>
      </symbol>
      <symbol id="sm-1061">
         <name>EthernetMACAddrGet</name>
         <value>0x632f</value>
         <object_component_ref idref="oc-77b"/>
      </symbol>
      <symbol id="sm-1062">
         <name>EthernetIntStatus</name>
         <value>0x6bc9</value>
         <object_component_ref idref="oc-ad"/>
      </symbol>
      <symbol id="sm-1063">
         <name>EthernetPHYRead</name>
         <value>0x6935</value>
         <object_component_ref idref="oc-14a"/>
      </symbol>
      <symbol id="sm-1064">
         <name>EthernetMACAddrSet</name>
         <value>0x6171</value>
         <object_component_ref idref="oc-34b"/>
      </symbol>
      <symbol id="sm-1065">
         <name>EthernetIntClear</name>
         <value>0x6c83</value>
         <object_component_ref idref="oc-b1"/>
      </symbol>
      <symbol id="sm-1067">
         <name>__TI_static_base__</name>
         <value>0x0</value>
      </symbol>
      <symbol id="sm-106a">
         <name>SHT$$INIT_ARRAY$$Limit</name>
         <value>0x0</value>
      </symbol>
      <symbol id="sm-106b">
         <name>SHT$$INIT_ARRAY$$Base</name>
         <value>0x0</value>
      </symbol>
   </symbol_table>
   <title>Link successful</title>
</link_info>
